Component: ARM Compiler 5.05 update 1 (build 106) Tool: armlink [4d0efa]

==============================================================================

Section Cross References

    startup_stm32f40_41xxx.o(RESET) refers to startup_stm32f40_41xxx.o(STACK) for __initial_sp
    startup_stm32f40_41xxx.o(RESET) refers to startup_stm32f40_41xxx.o(.text) for Reset_Handler
    startup_stm32f40_41xxx.o(RESET) refers to stm32f4xx_it.o(i.NMI_Handler) for NMI_Handler
    startup_stm32f40_41xxx.o(RESET) refers to stm32f4xx_it.o(i.HardFault_Handler) for HardFault_Handler
    startup_stm32f40_41xxx.o(RESET) refers to stm32f4xx_it.o(i.MemManage_Handler) for MemManage_Handler
    startup_stm32f40_41xxx.o(RESET) refers to stm32f4xx_it.o(i.BusFault_Handler) for BusFault_Handler
    startup_stm32f40_41xxx.o(RESET) refers to stm32f4xx_it.o(i.UsageFault_Handler) for UsageFault_Handler
    startup_stm32f40_41xxx.o(RESET) refers to stm32f4xx_it.o(i.SVC_Handler) for SVC_Handler
    startup_stm32f40_41xxx.o(RESET) refers to stm32f4xx_it.o(i.DebugMon_Handler) for DebugMon_Handler
    startup_stm32f40_41xxx.o(RESET) refers to stm32f4xx_it.o(i.PendSV_Handler) for PendSV_Handler
    startup_stm32f40_41xxx.o(RESET) refers to stm32f4xx_it.o(i.SysTick_Handler) for SysTick_Handler
    startup_stm32f40_41xxx.o(RESET) refers to f40x_uart1.o(i.USART1_IRQHandler) for USART1_IRQHandler
    startup_stm32f40_41xxx.o(.text) refers to system_stm32f4xx.o(i.SystemInit) for SystemInit
    startup_stm32f40_41xxx.o(.text) refers to entry.o(.ARM.Collect$$$$00000000) for __main
    delay.o(i.delay_init) refers to delay.o(.data) for fac_us
    delay.o(i.delay_ms) refers to delay.o(i.delay_xms) for delay_xms
    delay.o(i.delay_us) refers to delay.o(.data) for fac_us
    delay.o(i.delay_xms) refers to delay.o(.data) for fac_ms
    system_config.o(i.MY_NVIC_Init) refers to system_config.o(i.MY_NVIC_PriorityGroupConfig) for MY_NVIC_PriorityGroupConfig
    system_config.o(i.Stm32_Clock_Init) refers to system_config.o(i.Sys_Clock_Set) for Sys_Clock_Set
    system_config.o(i.Stm32_Clock_Init) refers to system_config.o(i.MY_NVIC_SetVectorTable) for MY_NVIC_SetVectorTable
    system_config.o(i.Sys_Standby) refers to system_config.o(i.WFI_SET) for WFI_SET
    system_stm32f4xx.o(i.SystemCoreClockUpdate) refers to system_stm32f4xx.o(.data) for SystemCoreClock
    system_stm32f4xx.o(i.SystemInit) refers to system_stm32f4xx.o(i.SetSysClock) for SetSysClock
    f40x_i2c.o(i.ANT_I2C_Read_nByte) refers to f40x_i2c.o(i.I2C_Start) for I2C_Start
    f40x_i2c.o(i.ANT_I2C_Read_nByte) refers to f40x_i2c.o(i.I2C_Write_Byte) for I2C_Write_Byte
    f40x_i2c.o(i.ANT_I2C_Read_nByte) refers to f40x_i2c.o(i.I2C_Wait_Ack) for I2C_Wait_Ack
    f40x_i2c.o(i.ANT_I2C_Read_nByte) refers to delay.o(i.delay_us) for delay_us
    f40x_i2c.o(i.ANT_I2C_Read_nByte) refers to f40x_i2c.o(i.I2C_Read_Byte) for I2C_Read_Byte
    f40x_i2c.o(i.ANT_I2C_Read_nByte) refers to f40x_i2c.o(i.I2C_Send_N_Ack) for I2C_Send_N_Ack
    f40x_i2c.o(i.ANT_I2C_Read_nByte) refers to f40x_i2c.o(i.I2C_Stop) for I2C_Stop
    f40x_i2c.o(i.ANT_I2C_Wtite_nByte) refers to f40x_i2c.o(i.I2C_Start) for I2C_Start
    f40x_i2c.o(i.ANT_I2C_Wtite_nByte) refers to f40x_i2c.o(i.I2C_Write_Byte) for I2C_Write_Byte
    f40x_i2c.o(i.ANT_I2C_Wtite_nByte) refers to f40x_i2c.o(i.I2C_Wait_Ack) for I2C_Wait_Ack
    f40x_i2c.o(i.ANT_I2C_Wtite_nByte) refers to delay.o(i.delay_us) for delay_us
    f40x_i2c.o(i.ANT_I2C_Wtite_nByte) refers to f40x_i2c.o(i.I2C_Stop) for I2C_Stop
    f40x_i2c.o(i.I2C_IO_Initl) refers to stm32f4xx_rcc.o(i.RCC_AHB1PeriphClockCmd) for RCC_AHB1PeriphClockCmd
    f40x_i2c.o(i.I2C_IO_Initl) refers to stm32f4xx_gpio.o(i.GPIO_Init) for GPIO_Init
    f40x_i2c.o(i.I2C_IO_Initl) refers to f40x_i2c.o(i.I2C_SDA_DIR) for I2C_SDA_DIR
    f40x_i2c.o(i.I2C_Read_Byte) refers to f40x_i2c.o(i.I2C_SDA_DIR) for I2C_SDA_DIR
    f40x_i2c.o(i.I2C_Read_Byte) refers to delay.o(i.delay_us) for delay_us
    f40x_i2c.o(i.I2C_SDA_DIR) refers to stm32f4xx_rcc.o(i.RCC_AHB1PeriphClockCmd) for RCC_AHB1PeriphClockCmd
    f40x_i2c.o(i.I2C_SDA_DIR) refers to stm32f4xx_gpio.o(i.GPIO_Init) for GPIO_Init
    f40x_i2c.o(i.I2C_Send_N_Ack) refers to f40x_i2c.o(i.I2C_SDA_DIR) for I2C_SDA_DIR
    f40x_i2c.o(i.I2C_Send_N_Ack) refers to delay.o(i.delay_us) for delay_us
    f40x_i2c.o(i.I2C_Start) refers to f40x_i2c.o(i.I2C_SDA_DIR) for I2C_SDA_DIR
    f40x_i2c.o(i.I2C_Start) refers to delay.o(i.delay_us) for delay_us
    f40x_i2c.o(i.I2C_Stop) refers to f40x_i2c.o(i.I2C_SDA_DIR) for I2C_SDA_DIR
    f40x_i2c.o(i.I2C_Stop) refers to delay.o(i.delay_us) for delay_us
    f40x_i2c.o(i.I2C_Wait_Ack) refers to f40x_i2c.o(i.I2C_SDA_DIR) for I2C_SDA_DIR
    f40x_i2c.o(i.I2C_Wait_Ack) refers to delay.o(i.delay_us) for delay_us
    f40x_i2c.o(i.I2C_Wait_Ack) refers to f40x_i2c.o(i.I2C_Stop) for I2C_Stop
    f40x_i2c.o(i.I2C_Write_Byte) refers to f40x_i2c.o(i.I2C_SDA_DIR) for I2C_SDA_DIR
    f40x_i2c.o(i.I2C_Write_Byte) refers to delay.o(i.delay_us) for delay_us
    f40x_uart1.o(i.F40x_UART1_Initl) refers to stm32f4xx_rcc.o(i.RCC_AHB1PeriphClockCmd) for RCC_AHB1PeriphClockCmd
    f40x_uart1.o(i.F40x_UART1_Initl) refers to stm32f4xx_rcc.o(i.RCC_APB2PeriphClockCmd) for RCC_APB2PeriphClockCmd
    f40x_uart1.o(i.F40x_UART1_Initl) refers to stm32f4xx_gpio.o(i.GPIO_PinAFConfig) for GPIO_PinAFConfig
    f40x_uart1.o(i.F40x_UART1_Initl) refers to stm32f4xx_gpio.o(i.GPIO_Init) for GPIO_Init
    f40x_uart1.o(i.F40x_UART1_Initl) refers to stm32f4xx_usart.o(i.USART_Init) for USART_Init
    f40x_uart1.o(i.F40x_UART1_Initl) refers to stm32f4xx_usart.o(i.USART_Cmd) for USART_Cmd
    f40x_uart1.o(i.F40x_UART1_Initl) refers to stm32f4xx_usart.o(i.USART_ITConfig) for USART_ITConfig
    f40x_uart1.o(i.F40x_UART1_Initl) refers to misc.o(i.NVIC_Init) for NVIC_Init
    f40x_uart1.o(i.F40x_UART1_WR_Byte) refers to stm32f4xx_usart.o(i.USART_SendData) for USART_SendData
    f40x_uart1.o(i.F40x_UART1_WR_Byte) refers to stm32f4xx_usart.o(i.USART_GetFlagStatus) for USART_GetFlagStatus
    f40x_uart1.o(i.F40x_UART1_WR_String) refers to f40x_uart1.o(i.F40x_UART1_WR_Byte) for F40x_UART1_WR_Byte
    f40x_uart1.o(i.USART1_IRQHandler) refers to stm32f4xx_usart.o(i.USART_GetITStatus) for USART_GetITStatus
    f40x_uart1.o(i.USART1_IRQHandler) refers to stm32f4xx_usart.o(i.USART_ReceiveData) for USART_ReceiveData
    f40x_uart1.o(i.fputc) refers to stm32f4xx_usart.o(i.USART_SendData) for USART_SendData
    f40x_uart1.o(i.fputc) refers to stm32f4xx_usart.o(i.USART_GetFlagStatus) for USART_GetFlagStatus
    _main.o(i.main) refers to system_config.o(i.Sys_Clock_Set) for Sys_Clock_Set
    _main.o(i.main) refers to delay.o(i.delay_init) for delay_init
    _main.o(i.main) refers to f40x_uart1.o(i.F40x_UART1_Initl) for F40x_UART1_Initl
    _main.o(i.main) refers to f40x_i2c.o(i.I2C_IO_Initl) for I2C_IO_Initl
    _main.o(i.main) refers to delay.o(i.delay_ms) for delay_ms
    _main.o(i.main) refers to tmp119_evm.o(i.TMP_Initl) for TMP_Initl
    _main.o(i.main) refers to tmp119_evm.o(i.TMP119_Read_Temperature) for TMP119_Read_Temperature
    _main.o(i.main) refers to f2d.o(.text) for __aeabi_f2d
    _main.o(i.main) refers to printfa.o(i.__0printf) for __2printf
    _main.o(i.main) refers to f40x_uart1.o(.data) for UART1_BAUD
    stm32f4xx_syscfg.o(i.SYSCFG_DeInit) refers to stm32f4xx_rcc.o(i.RCC_APB2PeriphResetCmd) for RCC_APB2PeriphResetCmd
    stm32f4xx_rcc.o(i.RCC_GetClocksFreq) refers to stm32f4xx_rcc.o(.data) for APBAHBPrescTable
    stm32f4xx_rcc.o(i.RCC_WaitForHSEStartUp) refers to stm32f4xx_rcc.o(i.RCC_GetFlagStatus) for RCC_GetFlagStatus
    stm32f4xx_gpio.o(i.GPIO_DeInit) refers to stm32f4xx_rcc.o(i.RCC_AHB1PeriphResetCmd) for RCC_AHB1PeriphResetCmd
    stm32f4xx_usart.o(i.USART_DeInit) refers to stm32f4xx_rcc.o(i.RCC_APB2PeriphResetCmd) for RCC_APB2PeriphResetCmd
    stm32f4xx_usart.o(i.USART_DeInit) refers to stm32f4xx_rcc.o(i.RCC_APB1PeriphResetCmd) for RCC_APB1PeriphResetCmd
    stm32f4xx_usart.o(i.USART_Init) refers to stm32f4xx_rcc.o(i.RCC_GetClocksFreq) for RCC_GetClocksFreq
    tmp119_evm.o(i.TMP119_Read_Device_ID) refers to tmp119_evm.o(i.TMP119_Read_Register) for TMP119_Read_Register
    tmp119_evm.o(i.TMP119_Read_EEPROM) refers to tmp119_evm.o(i.TMP119_Read_Register) for TMP119_Read_Register
    tmp119_evm.o(i.TMP119_Read_Register) refers to f40x_i2c.o(i.ANT_I2C_Wtite_nByte) for ANT_I2C_Wtite_nByte
    tmp119_evm.o(i.TMP119_Read_Register) refers to f40x_i2c.o(i.ANT_I2C_Read_nByte) for ANT_I2C_Read_nByte
    tmp119_evm.o(i.TMP119_Read_Register) refers to f40x_i2c.o(.bss) for I2C_Buffer
    tmp119_evm.o(i.TMP119_Read_Temperature) refers to tmp119_evm.o(i.TMP119_Read_Register) for TMP119_Read_Register
    tmp119_evm.o(i.TMP119_SoftReset) refers to tmp119_evm.o(i.TMP119_Write_Register) for TMP119_Write_Register
    tmp119_evm.o(i.TMP119_SoftReset) refers to tmp119_evm.o(.data) for CFG_REG
    tmp119_evm.o(i.TMP119_Write_CFG_Register) refers to tmp119_evm.o(i.TMP119_Write_Register) for TMP119_Write_Register
    tmp119_evm.o(i.TMP119_Write_CFG_Register) refers to tmp119_evm.o(.data) for CFG_REG
    tmp119_evm.o(i.TMP119_Write_EEPROM) refers to tmp119_evm.o(i.TMP119_Write_Register) for TMP119_Write_Register
    tmp119_evm.o(i.TMP119_Write_EEPROM) refers to delay.o(i.delay_ms) for delay_ms
    tmp119_evm.o(i.TMP119_Write_EEPROM) refers to tmp119_evm.o(i.TMP119_Read_Register) for TMP119_Read_Register
    tmp119_evm.o(i.TMP119_Write_EEPROM) refers to tmp119_evm.o(.data) for EEPROM_UL_REG
    tmp119_evm.o(i.TMP119_Write_Register) refers to f40x_i2c.o(i.ANT_I2C_Wtite_nByte) for ANT_I2C_Wtite_nByte
    tmp119_evm.o(i.TMP119_Write_Register) refers to f40x_i2c.o(.bss) for I2C_Buffer
    tmp119_evm.o(i.TMP119_Write_TL_Limit_Register) refers to tmp119_evm.o(i.TMP119_Write_Register) for TMP119_Write_Register
    tmp119_evm.o(i.TMP119_Write_Temp_Offset_Register) refers to tmp119_evm.o(i.TMP119_Write_Register) for TMP119_Write_Register
    tmp119_evm.o(i.TMP_Initl) refers to stm32f4xx_rcc.o(i.RCC_AHB1PeriphClockCmd) for RCC_AHB1PeriphClockCmd
    tmp119_evm.o(i.TMP_Initl) refers to stm32f4xx_gpio.o(i.GPIO_Init) for GPIO_Init
    tmp119_evm.o(i.TMP_Initl) refers to tmp119_evm.o(i.TMP119_SoftReset) for TMP119_SoftReset
    tmp119_evm.o(i.TMP_Initl) refers to delay.o(i.delay_ms) for delay_ms
    tmp119_evm.o(i.TMP_Initl) refers to tmp119_evm.o(i.TMP119_Write_CFG_Register) for TMP119_Write_CFG_Register
    entry.o(.ARM.Collect$$$$00000000) refers (Special) to entry10a.o(.ARM.Collect$$$$0000000D) for __rt_final_cpp
    entry.o(.ARM.Collect$$$$00000000) refers (Special) to entry11a.o(.ARM.Collect$$$$0000000F) for __rt_final_exit
    entry.o(.ARM.Collect$$$$00000000) refers (Special) to entry7b.o(.ARM.Collect$$$$00000008) for _main_clock
    entry.o(.ARM.Collect$$$$00000000) refers (Special) to entry8b.o(.ARM.Collect$$$$0000000A) for _main_cpp_init
    entry.o(.ARM.Collect$$$$00000000) refers (Special) to entry9a.o(.ARM.Collect$$$$0000000B) for _main_init
    entry.o(.ARM.Collect$$$$00000000) refers (Special) to entry5.o(.ARM.Collect$$$$00000004) for _main_scatterload
    entry.o(.ARM.Collect$$$$00000000) refers (Special) to entry2.o(.ARM.Collect$$$$00000001) for _main_stk
    printfb.o(i.__0fprintf$bare) refers to printfb.o(i._printf_core) for _printf_core
    printfb.o(i.__0fprintf$bare) refers to f40x_uart1.o(i.fputc) for fputc
    printfb.o(i.__0printf$bare) refers to printfb.o(i._printf_core) for _printf_core
    printfb.o(i.__0printf$bare) refers to f40x_uart1.o(i.fputc) for fputc
    printfb.o(i.__0printf$bare) refers to stdout.o(.data) for __stdout
    printfb.o(i.__0snprintf$bare) refers to printfb.o(i._printf_core) for _printf_core
    printfb.o(i.__0snprintf$bare) refers to printfb.o(i._snputc) for _snputc
    printfb.o(i.__0sprintf$bare) refers to printfb.o(i._printf_core) for _printf_core
    printfb.o(i.__0sprintf$bare) refers to printfb.o(i._sputc) for _sputc
    printfb.o(i.__0vfprintf$bare) refers to printfb.o(i._printf_core) for _printf_core
    printfb.o(i.__0vfprintf$bare) refers to f40x_uart1.o(i.fputc) for fputc
    printfb.o(i.__0vprintf$bare) refers to printfb.o(i._printf_core) for _printf_core
    printfb.o(i.__0vprintf$bare) refers to f40x_uart1.o(i.fputc) for fputc
    printfb.o(i.__0vprintf$bare) refers to stdout.o(.data) for __stdout
    printfb.o(i.__0vsnprintf$bare) refers to printfb.o(i._printf_core) for _printf_core
    printfb.o(i.__0vsnprintf$bare) refers to printfb.o(i._snputc) for _snputc
    printfb.o(i.__0vsprintf$bare) refers to printfb.o(i._printf_core) for _printf_core
    printfb.o(i.__0vsprintf$bare) refers to printfb.o(i._sputc) for _sputc
    printf0.o(i.__0fprintf$0) refers to printf0.o(i._printf_core) for _printf_core
    printf0.o(i.__0fprintf$0) refers to f40x_uart1.o(i.fputc) for fputc
    printf0.o(i.__0printf$0) refers to printf0.o(i._printf_core) for _printf_core
    printf0.o(i.__0printf$0) refers to f40x_uart1.o(i.fputc) for fputc
    printf0.o(i.__0printf$0) refers to stdout.o(.data) for __stdout
    printf0.o(i.__0snprintf$0) refers to printf0.o(i._printf_core) for _printf_core
    printf0.o(i.__0snprintf$0) refers to printf0.o(i._snputc) for _snputc
    printf0.o(i.__0sprintf$0) refers to printf0.o(i._printf_core) for _printf_core
    printf0.o(i.__0sprintf$0) refers to printf0.o(i._sputc) for _sputc
    printf0.o(i.__0vfprintf$0) refers to printf0.o(i._printf_core) for _printf_core
    printf0.o(i.__0vfprintf$0) refers to f40x_uart1.o(i.fputc) for fputc
    printf0.o(i.__0vprintf$0) refers to printf0.o(i._printf_core) for _printf_core
    printf0.o(i.__0vprintf$0) refers to f40x_uart1.o(i.fputc) for fputc
    printf0.o(i.__0vprintf$0) refers to stdout.o(.data) for __stdout
    printf0.o(i.__0vsnprintf$0) refers to printf0.o(i._printf_core) for _printf_core
    printf0.o(i.__0vsnprintf$0) refers to printf0.o(i._snputc) for _snputc
    printf0.o(i.__0vsprintf$0) refers to printf0.o(i._printf_core) for _printf_core
    printf0.o(i.__0vsprintf$0) refers to printf0.o(i._sputc) for _sputc
    printf1.o(i.__0fprintf$1) refers to printf1.o(i._printf_core) for _printf_core
    printf1.o(i.__0fprintf$1) refers to f40x_uart1.o(i.fputc) for fputc
    printf1.o(i.__0printf$1) refers to printf1.o(i._printf_core) for _printf_core
    printf1.o(i.__0printf$1) refers to f40x_uart1.o(i.fputc) for fputc
    printf1.o(i.__0printf$1) refers to stdout.o(.data) for __stdout
    printf1.o(i.__0snprintf$1) refers to printf1.o(i._printf_core) for _printf_core
    printf1.o(i.__0snprintf$1) refers to printf1.o(i._snputc) for _snputc
    printf1.o(i.__0sprintf$1) refers to printf1.o(i._printf_core) for _printf_core
    printf1.o(i.__0sprintf$1) refers to printf1.o(i._sputc) for _sputc
    printf1.o(i.__0vfprintf$1) refers to printf1.o(i._printf_core) for _printf_core
    printf1.o(i.__0vfprintf$1) refers to f40x_uart1.o(i.fputc) for fputc
    printf1.o(i.__0vprintf$1) refers to printf1.o(i._printf_core) for _printf_core
    printf1.o(i.__0vprintf$1) refers to f40x_uart1.o(i.fputc) for fputc
    printf1.o(i.__0vprintf$1) refers to stdout.o(.data) for __stdout
    printf1.o(i.__0vsnprintf$1) refers to printf1.o(i._printf_core) for _printf_core
    printf1.o(i.__0vsnprintf$1) refers to printf1.o(i._snputc) for _snputc
    printf1.o(i.__0vsprintf$1) refers to printf1.o(i._printf_core) for _printf_core
    printf1.o(i.__0vsprintf$1) refers to printf1.o(i._sputc) for _sputc
    printf1.o(i._printf_core) refers to uidiv.o(.text) for __aeabi_uidivmod
    printf2.o(i.__0fprintf$2) refers to printf2.o(i._printf_core) for _printf_core
    printf2.o(i.__0fprintf$2) refers to f40x_uart1.o(i.fputc) for fputc
    printf2.o(i.__0printf$2) refers to printf2.o(i._printf_core) for _printf_core
    printf2.o(i.__0printf$2) refers to f40x_uart1.o(i.fputc) for fputc
    printf2.o(i.__0printf$2) refers to stdout.o(.data) for __stdout
    printf2.o(i.__0snprintf$2) refers to printf2.o(i._printf_core) for _printf_core
    printf2.o(i.__0snprintf$2) refers to printf2.o(i._snputc) for _snputc
    printf2.o(i.__0sprintf$2) refers to printf2.o(i._printf_core) for _printf_core
    printf2.o(i.__0sprintf$2) refers to printf2.o(i._sputc) for _sputc
    printf2.o(i.__0vfprintf$2) refers to printf2.o(i._printf_core) for _printf_core
    printf2.o(i.__0vfprintf$2) refers to f40x_uart1.o(i.fputc) for fputc
    printf2.o(i.__0vprintf$2) refers to printf2.o(i._printf_core) for _printf_core
    printf2.o(i.__0vprintf$2) refers to f40x_uart1.o(i.fputc) for fputc
    printf2.o(i.__0vprintf$2) refers to stdout.o(.data) for __stdout
    printf2.o(i.__0vsnprintf$2) refers to printf2.o(i._printf_core) for _printf_core
    printf2.o(i.__0vsnprintf$2) refers to printf2.o(i._snputc) for _snputc
    printf2.o(i.__0vsprintf$2) refers to printf2.o(i._printf_core) for _printf_core
    printf2.o(i.__0vsprintf$2) refers to printf2.o(i._sputc) for _sputc
    printf3.o(i.__0fprintf$3) refers to printf3.o(i._printf_core) for _printf_core
    printf3.o(i.__0fprintf$3) refers to f40x_uart1.o(i.fputc) for fputc
    printf3.o(i.__0printf$3) refers to printf3.o(i._printf_core) for _printf_core
    printf3.o(i.__0printf$3) refers to f40x_uart1.o(i.fputc) for fputc
    printf3.o(i.__0printf$3) refers to stdout.o(.data) for __stdout
    printf3.o(i.__0snprintf$3) refers to printf3.o(i._printf_core) for _printf_core
    printf3.o(i.__0snprintf$3) refers to printf3.o(i._snputc) for _snputc
    printf3.o(i.__0sprintf$3) refers to printf3.o(i._printf_core) for _printf_core
    printf3.o(i.__0sprintf$3) refers to printf3.o(i._sputc) for _sputc
    printf3.o(i.__0vfprintf$3) refers to printf3.o(i._printf_core) for _printf_core
    printf3.o(i.__0vfprintf$3) refers to f40x_uart1.o(i.fputc) for fputc
    printf3.o(i.__0vprintf$3) refers to printf3.o(i._printf_core) for _printf_core
    printf3.o(i.__0vprintf$3) refers to f40x_uart1.o(i.fputc) for fputc
    printf3.o(i.__0vprintf$3) refers to stdout.o(.data) for __stdout
    printf3.o(i.__0vsnprintf$3) refers to printf3.o(i._printf_core) for _printf_core
    printf3.o(i.__0vsnprintf$3) refers to printf3.o(i._snputc) for _snputc
    printf3.o(i.__0vsprintf$3) refers to printf3.o(i._printf_core) for _printf_core
    printf3.o(i.__0vsprintf$3) refers to printf3.o(i._sputc) for _sputc
    printf3.o(i._printf_core) refers to uidiv.o(.text) for __aeabi_uidivmod
    printf4.o(i.__0fprintf$4) refers to printf4.o(i._printf_core) for _printf_core
    printf4.o(i.__0fprintf$4) refers to f40x_uart1.o(i.fputc) for fputc
    printf4.o(i.__0printf$4) refers to printf4.o(i._printf_core) for _printf_core
    printf4.o(i.__0printf$4) refers to f40x_uart1.o(i.fputc) for fputc
    printf4.o(i.__0printf$4) refers to stdout.o(.data) for __stdout
    printf4.o(i.__0snprintf$4) refers to printf4.o(i._printf_core) for _printf_core
    printf4.o(i.__0snprintf$4) refers to printf4.o(i._snputc) for _snputc
    printf4.o(i.__0sprintf$4) refers to printf4.o(i._printf_core) for _printf_core
    printf4.o(i.__0sprintf$4) refers to printf4.o(i._sputc) for _sputc
    printf4.o(i.__0vfprintf$4) refers to printf4.o(i._printf_core) for _printf_core
    printf4.o(i.__0vfprintf$4) refers to f40x_uart1.o(i.fputc) for fputc
    printf4.o(i.__0vprintf$4) refers to printf4.o(i._printf_core) for _printf_core
    printf4.o(i.__0vprintf$4) refers to f40x_uart1.o(i.fputc) for fputc
    printf4.o(i.__0vprintf$4) refers to stdout.o(.data) for __stdout
    printf4.o(i.__0vsnprintf$4) refers to printf4.o(i._printf_core) for _printf_core
    printf4.o(i.__0vsnprintf$4) refers to printf4.o(i._snputc) for _snputc
    printf4.o(i.__0vsprintf$4) refers to printf4.o(i._printf_core) for _printf_core
    printf4.o(i.__0vsprintf$4) refers to printf4.o(i._sputc) for _sputc
    printf4.o(i._printf_core) refers to uldiv.o(.text) for __aeabi_uldivmod
    printf5.o(i.__0fprintf$5) refers to printf5.o(i._printf_core) for _printf_core
    printf5.o(i.__0fprintf$5) refers to f40x_uart1.o(i.fputc) for fputc
    printf5.o(i.__0printf$5) refers to printf5.o(i._printf_core) for _printf_core
    printf5.o(i.__0printf$5) refers to f40x_uart1.o(i.fputc) for fputc
    printf5.o(i.__0printf$5) refers to stdout.o(.data) for __stdout
    printf5.o(i.__0snprintf$5) refers to printf5.o(i._printf_core) for _printf_core
    printf5.o(i.__0snprintf$5) refers to printf5.o(i._snputc) for _snputc
    printf5.o(i.__0sprintf$5) refers to printf5.o(i._printf_core) for _printf_core
    printf5.o(i.__0sprintf$5) refers to printf5.o(i._sputc) for _sputc
    printf5.o(i.__0vfprintf$5) refers to printf5.o(i._printf_core) for _printf_core
    printf5.o(i.__0vfprintf$5) refers to f40x_uart1.o(i.fputc) for fputc
    printf5.o(i.__0vprintf$5) refers to printf5.o(i._printf_core) for _printf_core
    printf5.o(i.__0vprintf$5) refers to f40x_uart1.o(i.fputc) for fputc
    printf5.o(i.__0vprintf$5) refers to stdout.o(.data) for __stdout
    printf5.o(i.__0vsnprintf$5) refers to printf5.o(i._printf_core) for _printf_core
    printf5.o(i.__0vsnprintf$5) refers to printf5.o(i._snputc) for _snputc
    printf5.o(i.__0vsprintf$5) refers to printf5.o(i._printf_core) for _printf_core
    printf5.o(i.__0vsprintf$5) refers to printf5.o(i._sputc) for _sputc
    printf5.o(i._printf_core) refers to uldiv.o(.text) for __aeabi_uldivmod
    printf6.o(i.__0fprintf$6) refers to printf6.o(i._printf_core) for _printf_core
    printf6.o(i.__0fprintf$6) refers to f40x_uart1.o(i.fputc) for fputc
    printf6.o(i.__0printf$6) refers to printf6.o(i._printf_core) for _printf_core
    printf6.o(i.__0printf$6) refers to f40x_uart1.o(i.fputc) for fputc
    printf6.o(i.__0printf$6) refers to stdout.o(.data) for __stdout
    printf6.o(i.__0snprintf$6) refers to printf6.o(i._printf_core) for _printf_core
    printf6.o(i.__0snprintf$6) refers to printf6.o(i._snputc) for _snputc
    printf6.o(i.__0sprintf$6) refers to printf6.o(i._printf_core) for _printf_core
    printf6.o(i.__0sprintf$6) refers to printf6.o(i._sputc) for _sputc
    printf6.o(i.__0vfprintf$6) refers to printf6.o(i._printf_core) for _printf_core
    printf6.o(i.__0vfprintf$6) refers to f40x_uart1.o(i.fputc) for fputc
    printf6.o(i.__0vprintf$6) refers to printf6.o(i._printf_core) for _printf_core
    printf6.o(i.__0vprintf$6) refers to f40x_uart1.o(i.fputc) for fputc
    printf6.o(i.__0vprintf$6) refers to stdout.o(.data) for __stdout
    printf6.o(i.__0vsnprintf$6) refers to printf6.o(i._printf_core) for _printf_core
    printf6.o(i.__0vsnprintf$6) refers to printf6.o(i._snputc) for _snputc
    printf6.o(i.__0vsprintf$6) refers to printf6.o(i._printf_core) for _printf_core
    printf6.o(i.__0vsprintf$6) refers to printf6.o(i._sputc) for _sputc
    printf6.o(i._printf_core) refers to printf6.o(i._printf_pre_padding) for _printf_pre_padding
    printf6.o(i._printf_core) refers to uidiv.o(.text) for __aeabi_uidivmod
    printf6.o(i._printf_core) refers to printf6.o(i._printf_post_padding) for _printf_post_padding
    printf7.o(i.__0fprintf$7) refers to printf7.o(i._printf_core) for _printf_core
    printf7.o(i.__0fprintf$7) refers to f40x_uart1.o(i.fputc) for fputc
    printf7.o(i.__0printf$7) refers to printf7.o(i._printf_core) for _printf_core
    printf7.o(i.__0printf$7) refers to f40x_uart1.o(i.fputc) for fputc
    printf7.o(i.__0printf$7) refers to stdout.o(.data) for __stdout
    printf7.o(i.__0snprintf$7) refers to printf7.o(i._printf_core) for _printf_core
    printf7.o(i.__0snprintf$7) refers to printf7.o(i._snputc) for _snputc
    printf7.o(i.__0sprintf$7) refers to printf7.o(i._printf_core) for _printf_core
    printf7.o(i.__0sprintf$7) refers to printf7.o(i._sputc) for _sputc
    printf7.o(i.__0vfprintf$7) refers to printf7.o(i._printf_core) for _printf_core
    printf7.o(i.__0vfprintf$7) refers to f40x_uart1.o(i.fputc) for fputc
    printf7.o(i.__0vprintf$7) refers to printf7.o(i._printf_core) for _printf_core
    printf7.o(i.__0vprintf$7) refers to f40x_uart1.o(i.fputc) for fputc
    printf7.o(i.__0vprintf$7) refers to stdout.o(.data) for __stdout
    printf7.o(i.__0vsnprintf$7) refers to printf7.o(i._printf_core) for _printf_core
    printf7.o(i.__0vsnprintf$7) refers to printf7.o(i._snputc) for _snputc
    printf7.o(i.__0vsprintf$7) refers to printf7.o(i._printf_core) for _printf_core
    printf7.o(i.__0vsprintf$7) refers to printf7.o(i._sputc) for _sputc
    printf7.o(i._printf_core) refers to printf7.o(i._printf_pre_padding) for _printf_pre_padding
    printf7.o(i._printf_core) refers to uldiv.o(.text) for __aeabi_uldivmod
    printf7.o(i._printf_core) refers to printf7.o(i._printf_post_padding) for _printf_post_padding
    printf8.o(i.__0fprintf$8) refers to printf8.o(i._printf_core) for _printf_core
    printf8.o(i.__0fprintf$8) refers to f40x_uart1.o(i.fputc) for fputc
    printf8.o(i.__0printf$8) refers to printf8.o(i._printf_core) for _printf_core
    printf8.o(i.__0printf$8) refers to f40x_uart1.o(i.fputc) for fputc
    printf8.o(i.__0printf$8) refers to stdout.o(.data) for __stdout
    printf8.o(i.__0snprintf$8) refers to printf8.o(i._printf_core) for _printf_core
    printf8.o(i.__0snprintf$8) refers to printf8.o(i._snputc) for _snputc
    printf8.o(i.__0sprintf$8) refers to printf8.o(i._printf_core) for _printf_core
    printf8.o(i.__0sprintf$8) refers to printf8.o(i._sputc) for _sputc
    printf8.o(i.__0vfprintf$8) refers to printf8.o(i._printf_core) for _printf_core
    printf8.o(i.__0vfprintf$8) refers to f40x_uart1.o(i.fputc) for fputc
    printf8.o(i.__0vprintf$8) refers to printf8.o(i._printf_core) for _printf_core
    printf8.o(i.__0vprintf$8) refers to f40x_uart1.o(i.fputc) for fputc
    printf8.o(i.__0vprintf$8) refers to stdout.o(.data) for __stdout
    printf8.o(i.__0vsnprintf$8) refers to printf8.o(i._printf_core) for _printf_core
    printf8.o(i.__0vsnprintf$8) refers to printf8.o(i._snputc) for _snputc
    printf8.o(i.__0vsprintf$8) refers to printf8.o(i._printf_core) for _printf_core
    printf8.o(i.__0vsprintf$8) refers to printf8.o(i._sputc) for _sputc
    printf8.o(i._printf_core) refers to printf8.o(i._printf_pre_padding) for _printf_pre_padding
    printf8.o(i._printf_core) refers to uldiv.o(.text) for __aeabi_uldivmod
    printf8.o(i._printf_core) refers to printf8.o(i._printf_post_padding) for _printf_post_padding
    printfa.o(i.__0fprintf) refers (Special) to iusefp.o(.text) for __I$use$fp
    printfa.o(i.__0fprintf) refers to printfa.o(i._printf_core) for _printf_core
    printfa.o(i.__0fprintf) refers to f40x_uart1.o(i.fputc) for fputc
    printfa.o(i.__0printf) refers (Special) to iusefp.o(.text) for __I$use$fp
    printfa.o(i.__0printf) refers to printfa.o(i._printf_core) for _printf_core
    printfa.o(i.__0printf) refers to f40x_uart1.o(i.fputc) for fputc
    printfa.o(i.__0printf) refers to stdout.o(.data) for __stdout
    printfa.o(i.__0snprintf) refers (Special) to iusefp.o(.text) for __I$use$fp
    printfa.o(i.__0snprintf) refers to printfa.o(i._printf_core) for _printf_core
    printfa.o(i.__0snprintf) refers to printfa.o(i._snputc) for _snputc
    printfa.o(i.__0sprintf) refers (Special) to iusefp.o(.text) for __I$use$fp
    printfa.o(i.__0sprintf) refers to printfa.o(i._printf_core) for _printf_core
    printfa.o(i.__0sprintf) refers to printfa.o(i._sputc) for _sputc
    printfa.o(i.__0vfprintf) refers (Special) to iusefp.o(.text) for __I$use$fp
    printfa.o(i.__0vfprintf) refers to printfa.o(i._printf_core) for _printf_core
    printfa.o(i.__0vfprintf) refers to f40x_uart1.o(i.fputc) for fputc
    printfa.o(i.__0vprintf) refers (Special) to iusefp.o(.text) for __I$use$fp
    printfa.o(i.__0vprintf) refers to printfa.o(i._printf_core) for _printf_core
    printfa.o(i.__0vprintf) refers to f40x_uart1.o(i.fputc) for fputc
    printfa.o(i.__0vprintf) refers to stdout.o(.data) for __stdout
    printfa.o(i.__0vsnprintf) refers (Special) to iusefp.o(.text) for __I$use$fp
    printfa.o(i.__0vsnprintf) refers to printfa.o(i._printf_core) for _printf_core
    printfa.o(i.__0vsnprintf) refers to printfa.o(i._snputc) for _snputc
    printfa.o(i.__0vsprintf) refers (Special) to iusefp.o(.text) for __I$use$fp
    printfa.o(i.__0vsprintf) refers to printfa.o(i._printf_core) for _printf_core
    printfa.o(i.__0vsprintf) refers to printfa.o(i._sputc) for _sputc
    printfa.o(i._fp_digits) refers (Special) to iusefp.o(.text) for __I$use$fp
    printfa.o(i._fp_digits) refers to dmul.o(.text) for __aeabi_dmul
    printfa.o(i._fp_digits) refers to ddiv.o(.text) for __aeabi_ddiv
    printfa.o(i._fp_digits) refers to cdrcmple.o(.text) for __aeabi_cdrcmple
    printfa.o(i._fp_digits) refers to dadd.o(.text) for __aeabi_dadd
    printfa.o(i._fp_digits) refers to dfixul.o(.text) for __aeabi_d2ulz
    printfa.o(i._fp_digits) refers to uldiv.o(.text) for __aeabi_uldivmod
    printfa.o(i._printf_core) refers (Special) to iusefp.o(.text) for __I$use$fp
    printfa.o(i._printf_core) refers to printfa.o(i._printf_pre_padding) for _printf_pre_padding
    printfa.o(i._printf_core) refers to uldiv.o(.text) for __aeabi_uldivmod
    printfa.o(i._printf_core) refers to printfa.o(i._printf_post_padding) for _printf_post_padding
    printfa.o(i._printf_core) refers to printfa.o(i._fp_digits) for _fp_digits
    printfa.o(i._printf_core) refers to uidiv.o(.text) for __aeabi_uidivmod
    printfa.o(i._printf_post_padding) refers (Special) to iusefp.o(.text) for __I$use$fp
    printfa.o(i._printf_pre_padding) refers (Special) to iusefp.o(.text) for __I$use$fp
    printfa.o(i._snputc) refers (Special) to iusefp.o(.text) for __I$use$fp
    printfa.o(i._sputc) refers (Special) to iusefp.o(.text) for __I$use$fp
    f2d.o(.text) refers (Special) to iusefp.o(.text) for __I$use$fp
    entry2.o(.ARM.Collect$$$$00000001) refers to entry2.o(.ARM.Collect$$$$00002712) for __lit__00000000
    entry2.o(.ARM.Collect$$$$00002712) refers to startup_stm32f40_41xxx.o(STACK) for __initial_sp
    entry2.o(__vectab_stack_and_reset_area) refers to startup_stm32f40_41xxx.o(STACK) for __initial_sp
    entry2.o(__vectab_stack_and_reset_area) refers to entry.o(.ARM.Collect$$$$00000000) for __main
    entry5.o(.ARM.Collect$$$$00000004) refers to init.o(.text) for __scatterload
    entry9a.o(.ARM.Collect$$$$0000000B) refers to _main.o(i.main) for main
    entry9b.o(.ARM.Collect$$$$0000000C) refers to _main.o(i.main) for main
    uldiv.o(.text) refers to llushr.o(.text) for __aeabi_llsr
    uldiv.o(.text) refers to llshl.o(.text) for __aeabi_llsl
    dadd.o(.text) refers to llshl.o(.text) for __aeabi_llsl
    dadd.o(.text) refers to llsshr.o(.text) for __aeabi_lasr
    dadd.o(.text) refers to depilogue.o(.text) for _double_epilogue
    dmul.o(.text) refers to depilogue.o(.text) for _double_epilogue
    ddiv.o(.text) refers to depilogue.o(.text) for _double_round
    dfixul.o(.text) refers to llushr.o(.text) for __aeabi_llsr
    dfixul.o(.text) refers to llshl.o(.text) for __aeabi_llsl
    init.o(.text) refers to entry5.o(.ARM.Collect$$$$00000004) for __main_after_scatterload
    depilogue.o(.text) refers to llshl.o(.text) for __aeabi_llsl
    depilogue.o(.text) refers to llushr.o(.text) for __aeabi_llsr


==============================================================================

Removing Unused input sections from the image.

    Removing startup_stm32f40_41xxx.o(HEAP), (512 bytes).
    Removing delay.o(.rev16_text), (4 bytes).
    Removing delay.o(.revsh_text), (4 bytes).
    Removing stm32f4xx_it.o(.rev16_text), (4 bytes).
    Removing stm32f4xx_it.o(.revsh_text), (4 bytes).
    Removing system_config.o(.rev16_text), (4 bytes).
    Removing system_config.o(.revsh_text), (4 bytes).
    Removing system_config.o(.emb_text), (6 bytes).
    Removing system_config.o(i.Ex_NVIC_Config), (180 bytes).
    Removing system_config.o(i.GPIO_AF_Set), (64 bytes).
    Removing system_config.o(i.GPIO_Set), (222 bytes).
    Removing system_config.o(i.INTX_DISABLE), (4 bytes).
    Removing system_config.o(i.INTX_ENABLE), (4 bytes).
    Removing system_config.o(i.MY_NVIC_Init), (120 bytes).
    Removing system_config.o(i.MY_NVIC_PriorityGroupConfig), (40 bytes).
    Removing system_config.o(i.MY_NVIC_SetVectorTable), (16 bytes).
    Removing system_config.o(i.Stm32_Clock_Init), (104 bytes).
    Removing system_config.o(i.Sys_Soft_Reset), (16 bytes).
    Removing system_config.o(i.Sys_Standby), (76 bytes).
    Removing system_config.o(i.WFI_SET), (4 bytes).
    Removing system_stm32f4xx.o(.rev16_text), (4 bytes).
    Removing system_stm32f4xx.o(.revsh_text), (4 bytes).
    Removing system_stm32f4xx.o(i.SystemCoreClockUpdate), (192 bytes).
    Removing system_stm32f4xx.o(.data), (20 bytes).
    Removing f40x_i2c.o(.rev16_text), (4 bytes).
    Removing f40x_i2c.o(.revsh_text), (4 bytes).
    Removing f40x_uart1.o(.rev16_text), (4 bytes).
    Removing f40x_uart1.o(.revsh_text), (4 bytes).
    Removing f40x_uart1.o(i.F40x_UART1_WR_Byte), (32 bytes).
    Removing f40x_uart1.o(i.F40x_UART1_WR_String), (22 bytes).
    Removing _main.o(.rev16_text), (4 bytes).
    Removing _main.o(.revsh_text), (4 bytes).
    Removing misc.o(.rev16_text), (4 bytes).
    Removing misc.o(.revsh_text), (4 bytes).
    Removing misc.o(i.NVIC_PriorityGroupConfig), (20 bytes).
    Removing misc.o(i.NVIC_SetVectorTable), (20 bytes).
    Removing misc.o(i.NVIC_SystemLPConfig), (32 bytes).
    Removing misc.o(i.SysTick_CLKSourceConfig), (40 bytes).
    Removing stm32f4xx_syscfg.o(.rev16_text), (4 bytes).
    Removing stm32f4xx_syscfg.o(.revsh_text), (4 bytes).
    Removing stm32f4xx_syscfg.o(i.SYSCFG_CompensationCellCmd), (12 bytes).
    Removing stm32f4xx_syscfg.o(i.SYSCFG_DeInit), (22 bytes).
    Removing stm32f4xx_syscfg.o(i.SYSCFG_ETH_MediaInterfaceConfig), (12 bytes).
    Removing stm32f4xx_syscfg.o(i.SYSCFG_EXTILineConfig), (64 bytes).
    Removing stm32f4xx_syscfg.o(i.SYSCFG_GetCompensationCellStatus), (24 bytes).
    Removing stm32f4xx_syscfg.o(i.SYSCFG_MemoryRemapConfig), (12 bytes).
    Removing stm32f4xx_syscfg.o(i.SYSCFG_MemorySwappingBank), (12 bytes).
    Removing stm32f4xx_rcc.o(.rev16_text), (4 bytes).
    Removing stm32f4xx_rcc.o(.revsh_text), (4 bytes).
    Removing stm32f4xx_rcc.o(i.RCC_AHB1PeriphClockLPModeCmd), (32 bytes).
    Removing stm32f4xx_rcc.o(i.RCC_AHB1PeriphResetCmd), (32 bytes).
    Removing stm32f4xx_rcc.o(i.RCC_AHB2PeriphClockCmd), (32 bytes).
    Removing stm32f4xx_rcc.o(i.RCC_AHB2PeriphClockLPModeCmd), (32 bytes).
    Removing stm32f4xx_rcc.o(i.RCC_AHB2PeriphResetCmd), (32 bytes).
    Removing stm32f4xx_rcc.o(i.RCC_AHB3PeriphClockCmd), (32 bytes).
    Removing stm32f4xx_rcc.o(i.RCC_AHB3PeriphClockLPModeCmd), (32 bytes).
    Removing stm32f4xx_rcc.o(i.RCC_AHB3PeriphResetCmd), (32 bytes).
    Removing stm32f4xx_rcc.o(i.RCC_APB1PeriphClockCmd), (32 bytes).
    Removing stm32f4xx_rcc.o(i.RCC_APB1PeriphClockLPModeCmd), (32 bytes).
    Removing stm32f4xx_rcc.o(i.RCC_APB1PeriphResetCmd), (32 bytes).
    Removing stm32f4xx_rcc.o(i.RCC_APB2PeriphClockLPModeCmd), (32 bytes).
    Removing stm32f4xx_rcc.o(i.RCC_APB2PeriphResetCmd), (32 bytes).
    Removing stm32f4xx_rcc.o(i.RCC_AdjustHSICalibrationValue), (24 bytes).
    Removing stm32f4xx_rcc.o(i.RCC_BackupResetCmd), (12 bytes).
    Removing stm32f4xx_rcc.o(i.RCC_ClearFlag), (20 bytes).
    Removing stm32f4xx_rcc.o(i.RCC_ClearITPendingBit), (12 bytes).
    Removing stm32f4xx_rcc.o(i.RCC_ClockSecuritySystemCmd), (12 bytes).
    Removing stm32f4xx_rcc.o(i.RCC_DeInit), (100 bytes).
    Removing stm32f4xx_rcc.o(i.RCC_GetFlagStatus), (64 bytes).
    Removing stm32f4xx_rcc.o(i.RCC_GetITStatus), (24 bytes).
    Removing stm32f4xx_rcc.o(i.RCC_GetSYSCLKSource), (16 bytes).
    Removing stm32f4xx_rcc.o(i.RCC_HCLKConfig), (24 bytes).
    Removing stm32f4xx_rcc.o(i.RCC_HSEConfig), (16 bytes).
    Removing stm32f4xx_rcc.o(i.RCC_HSICmd), (12 bytes).
    Removing stm32f4xx_rcc.o(i.RCC_I2SCLKConfig), (12 bytes).
    Removing stm32f4xx_rcc.o(i.RCC_ITConfig), (32 bytes).
    Removing stm32f4xx_rcc.o(i.RCC_LSEConfig), (44 bytes).
    Removing stm32f4xx_rcc.o(i.RCC_LSEModeConfig), (36 bytes).
    Removing stm32f4xx_rcc.o(i.RCC_LSICmd), (12 bytes).
    Removing stm32f4xx_rcc.o(i.RCC_LTDCCLKDivConfig), (24 bytes).
    Removing stm32f4xx_rcc.o(i.RCC_MCO1Config), (28 bytes).
    Removing stm32f4xx_rcc.o(i.RCC_MCO2Config), (28 bytes).
    Removing stm32f4xx_rcc.o(i.RCC_PCLK1Config), (24 bytes).
    Removing stm32f4xx_rcc.o(i.RCC_PCLK2Config), (24 bytes).
    Removing stm32f4xx_rcc.o(i.RCC_PLLCmd), (12 bytes).
    Removing stm32f4xx_rcc.o(i.RCC_PLLConfig), (36 bytes).
    Removing stm32f4xx_rcc.o(i.RCC_PLLI2SCmd), (12 bytes).
    Removing stm32f4xx_rcc.o(i.RCC_PLLI2SConfig), (16 bytes).
    Removing stm32f4xx_rcc.o(i.RCC_PLLSAICmd), (12 bytes).
    Removing stm32f4xx_rcc.o(i.RCC_PLLSAIConfig), (24 bytes).
    Removing stm32f4xx_rcc.o(i.RCC_RTCCLKCmd), (12 bytes).
    Removing stm32f4xx_rcc.o(i.RCC_RTCCLKConfig), (60 bytes).
    Removing stm32f4xx_rcc.o(i.RCC_SAIBlockACLKConfig), (24 bytes).
    Removing stm32f4xx_rcc.o(i.RCC_SAIBlockBCLKConfig), (24 bytes).
    Removing stm32f4xx_rcc.o(i.RCC_SAIPLLI2SClkDivConfig), (28 bytes).
    Removing stm32f4xx_rcc.o(i.RCC_SAIPLLSAIClkDivConfig), (28 bytes).
    Removing stm32f4xx_rcc.o(i.RCC_SYSCLKConfig), (24 bytes).
    Removing stm32f4xx_rcc.o(i.RCC_TIMCLKPresConfig), (12 bytes).
    Removing stm32f4xx_rcc.o(i.RCC_WaitForHSEStartUp), (56 bytes).
    Removing stm32f4xx_gpio.o(.rev16_text), (4 bytes).
    Removing stm32f4xx_gpio.o(.revsh_text), (4 bytes).
    Removing stm32f4xx_gpio.o(i.GPIO_DeInit), (312 bytes).
    Removing stm32f4xx_gpio.o(i.GPIO_PinLockConfig), (34 bytes).
    Removing stm32f4xx_gpio.o(i.GPIO_ReadInputData), (8 bytes).
    Removing stm32f4xx_gpio.o(i.GPIO_ReadInputDataBit), (18 bytes).
    Removing stm32f4xx_gpio.o(i.GPIO_ReadOutputData), (8 bytes).
    Removing stm32f4xx_gpio.o(i.GPIO_ReadOutputDataBit), (18 bytes).
    Removing stm32f4xx_gpio.o(i.GPIO_ResetBits), (4 bytes).
    Removing stm32f4xx_gpio.o(i.GPIO_SetBits), (4 bytes).
    Removing stm32f4xx_gpio.o(i.GPIO_StructInit), (18 bytes).
    Removing stm32f4xx_gpio.o(i.GPIO_ToggleBits), (8 bytes).
    Removing stm32f4xx_gpio.o(i.GPIO_Write), (4 bytes).
    Removing stm32f4xx_gpio.o(i.GPIO_WriteBit), (10 bytes).
    Removing stm32f4xx_usart.o(.rev16_text), (4 bytes).
    Removing stm32f4xx_usart.o(.revsh_text), (4 bytes).
    Removing stm32f4xx_usart.o(i.USART_ClearFlag), (18 bytes).
    Removing stm32f4xx_usart.o(i.USART_ClearITPendingBit), (30 bytes).
    Removing stm32f4xx_usart.o(i.USART_ClockInit), (32 bytes).
    Removing stm32f4xx_usart.o(i.USART_ClockStructInit), (12 bytes).
    Removing stm32f4xx_usart.o(i.USART_DMACmd), (18 bytes).
    Removing stm32f4xx_usart.o(i.USART_DeInit), (240 bytes).
    Removing stm32f4xx_usart.o(i.USART_HalfDuplexCmd), (24 bytes).
    Removing stm32f4xx_usart.o(i.USART_IrDACmd), (24 bytes).
    Removing stm32f4xx_usart.o(i.USART_IrDAConfig), (18 bytes).
    Removing stm32f4xx_usart.o(i.USART_LINBreakDetectLengthConfig), (18 bytes).
    Removing stm32f4xx_usart.o(i.USART_LINCmd), (24 bytes).
    Removing stm32f4xx_usart.o(i.USART_OneBitMethodCmd), (24 bytes).
    Removing stm32f4xx_usart.o(i.USART_OverSampling8Cmd), (22 bytes).
    Removing stm32f4xx_usart.o(i.USART_ReceiverWakeUpCmd), (24 bytes).
    Removing stm32f4xx_usart.o(i.USART_SendBreak), (10 bytes).
    Removing stm32f4xx_usart.o(i.USART_SetAddress), (18 bytes).
    Removing stm32f4xx_usart.o(i.USART_SetGuardTime), (16 bytes).
    Removing stm32f4xx_usart.o(i.USART_SetPrescaler), (16 bytes).
    Removing stm32f4xx_usart.o(i.USART_SmartCardCmd), (24 bytes).
    Removing stm32f4xx_usart.o(i.USART_SmartCardNACKCmd), (24 bytes).
    Removing stm32f4xx_usart.o(i.USART_StructInit), (24 bytes).
    Removing stm32f4xx_usart.o(i.USART_WakeUpConfig), (18 bytes).
    Removing tmp119_evm.o(.rev16_text), (4 bytes).
    Removing tmp119_evm.o(.revsh_text), (4 bytes).
    Removing tmp119_evm.o(i.TMP119_Read_Device_ID), (12 bytes).
    Removing tmp119_evm.o(i.TMP119_Read_EEPROM), (30 bytes).
    Removing tmp119_evm.o(i.TMP119_Write_EEPROM), (100 bytes).
    Removing tmp119_evm.o(i.TMP119_Write_TL_Limit_Register), (60 bytes).
    Removing tmp119_evm.o(i.TMP119_Write_Temp_Offset_Register), (48 bytes).

144 unused section(s) (total 4778 bytes) removed from the image.

==============================================================================

Image Symbol Table

    Local Symbols

    Symbol Name                              Value     Ov Type        Size  Object(Section)

    ../clib/microlib/division.c              0x00000000   Number         0  uldiv.o ABSOLUTE
    ../clib/microlib/division.c              0x00000000   Number         0  uidiv.o ABSOLUTE
    ../clib/microlib/init/entry.s            0x00000000   Number         0  entry7b.o ABSOLUTE
    ../clib/microlib/init/entry.s            0x00000000   Number         0  entry2.o ABSOLUTE
    ../clib/microlib/init/entry.s            0x00000000   Number         0  entry10a.o ABSOLUTE
    ../clib/microlib/init/entry.s            0x00000000   Number         0  entry.o ABSOLUTE
    ../clib/microlib/init/entry.s            0x00000000   Number         0  entry9b.o ABSOLUTE
    ../clib/microlib/init/entry.s            0x00000000   Number         0  entry8a.o ABSOLUTE
    ../clib/microlib/init/entry.s            0x00000000   Number         0  entry11b.o ABSOLUTE
    ../clib/microlib/init/entry.s            0x00000000   Number         0  entry9a.o ABSOLUTE
    ../clib/microlib/init/entry.s            0x00000000   Number         0  entry11a.o ABSOLUTE
    ../clib/microlib/init/entry.s            0x00000000   Number         0  entry10b.o ABSOLUTE
    ../clib/microlib/init/entry.s            0x00000000   Number         0  entry8b.o ABSOLUTE
    ../clib/microlib/init/entry.s            0x00000000   Number         0  entry7a.o ABSOLUTE
    ../clib/microlib/init/entry.s            0x00000000   Number         0  entry5.o ABSOLUTE
    ../clib/microlib/longlong.c              0x00000000   Number         0  llsshr.o ABSOLUTE
    ../clib/microlib/longlong.c              0x00000000   Number         0  llushr.o ABSOLUTE
    ../clib/microlib/longlong.c              0x00000000   Number         0  llshl.o ABSOLUTE
    ../clib/microlib/printf/printf.c         0x00000000   Number         0  printf6.o ABSOLUTE
    ../clib/microlib/printf/printf.c         0x00000000   Number         0  printf3.o ABSOLUTE
    ../clib/microlib/printf/printf.c         0x00000000   Number         0  printf5.o ABSOLUTE
    ../clib/microlib/printf/printf.c         0x00000000   Number         0  printf4.o ABSOLUTE
    ../clib/microlib/printf/printf.c         0x00000000   Number         0  printf0.o ABSOLUTE
    ../clib/microlib/printf/printf.c         0x00000000   Number         0  printf1.o ABSOLUTE
    ../clib/microlib/printf/printf.c         0x00000000   Number         0  printf7.o ABSOLUTE
    ../clib/microlib/printf/printf.c         0x00000000   Number         0  printf8.o ABSOLUTE
    ../clib/microlib/printf/printf.c         0x00000000   Number         0  printfb.o ABSOLUTE
    ../clib/microlib/printf/printf.c         0x00000000   Number         0  printfa.o ABSOLUTE
    ../clib/microlib/printf/printf.c         0x00000000   Number         0  printf2.o ABSOLUTE
    ../clib/microlib/printf/stubs.s          0x00000000   Number         0  stubs.o ABSOLUTE
    ../clib/microlib/stdio/streams.c         0x00000000   Number         0  stdout.o ABSOLUTE
    ../clib/microlib/stubs.s                 0x00000000   Number         0  iusefp.o ABSOLUTE
    ../fplib/microlib/f2d.c                  0x00000000   Number         0  f2d.o ABSOLUTE
    ../fplib/microlib/fpadd.c                0x00000000   Number         0  dadd.o ABSOLUTE
    ../fplib/microlib/fpdiv.c                0x00000000   Number         0  ddiv.o ABSOLUTE
    ../fplib/microlib/fpepilogue.c           0x00000000   Number         0  depilogue.o ABSOLUTE
    ../fplib/microlib/fpfix.c                0x00000000   Number         0  dfixul.o ABSOLUTE
    ../fplib/microlib/fpmul.c                0x00000000   Number         0  dmul.o ABSOLUTE
    ..\APP\_MAIN.c                           0x00000000   Number         0  _main.o ABSOLUTE
    ..\CORE\startup_stm32f40_41xxx.s         0x00000000   Number         0  startup_stm32f40_41xxx.o ABSOLUTE
    ..\FWLIB\src\misc.c                      0x00000000   Number         0  misc.o ABSOLUTE
    ..\FWLIB\src\stm32f4xx_gpio.c            0x00000000   Number         0  stm32f4xx_gpio.o ABSOLUTE
    ..\FWLIB\src\stm32f4xx_rcc.c             0x00000000   Number         0  stm32f4xx_rcc.o ABSOLUTE
    ..\FWLIB\src\stm32f4xx_syscfg.c          0x00000000   Number         0  stm32f4xx_syscfg.o ABSOLUTE
    ..\FWLIB\src\stm32f4xx_usart.c           0x00000000   Number         0  stm32f4xx_usart.o ABSOLUTE
    ..\HW\I2C\F40x_I2C.c                     0x00000000   Number         0  f40x_i2c.o ABSOLUTE
    ..\HW\TMP119\TMP119_EVM.c                0x00000000   Number         0  tmp119_evm.o ABSOLUTE
    ..\HW\UART1\F40x_UART1.c                 0x00000000   Number         0  f40x_uart1.o ABSOLUTE
    ..\System_Config\System_Config.c         0x00000000   Number         0  system_config.o ABSOLUTE
    ..\System_Config\stm32f4xx_it.c          0x00000000   Number         0  stm32f4xx_it.o ABSOLUTE
    ..\System_Config\system_stm32f4xx.c      0x00000000   Number         0  system_stm32f4xx.o ABSOLUTE
    ..\User\delay.c                          0x00000000   Number         0  delay.o ABSOLUTE
    ..\\APP\\_MAIN.c                         0x00000000   Number         0  _main.o ABSOLUTE
    ..\\FWLIB\\src\\misc.c                   0x00000000   Number         0  misc.o ABSOLUTE
    ..\\FWLIB\\src\\stm32f4xx_gpio.c         0x00000000   Number         0  stm32f4xx_gpio.o ABSOLUTE
    ..\\FWLIB\\src\\stm32f4xx_rcc.c          0x00000000   Number         0  stm32f4xx_rcc.o ABSOLUTE
    ..\\FWLIB\\src\\stm32f4xx_syscfg.c       0x00000000   Number         0  stm32f4xx_syscfg.o ABSOLUTE
    ..\\FWLIB\\src\\stm32f4xx_usart.c        0x00000000   Number         0  stm32f4xx_usart.o ABSOLUTE
    ..\\HW\\I2C\\F40x_I2C.c                  0x00000000   Number         0  f40x_i2c.o ABSOLUTE
    ..\\HW\\TMP119\\TMP119_EVM.c             0x00000000   Number         0  tmp119_evm.o ABSOLUTE
    ..\\HW\\UART1\\F40x_UART1.c              0x00000000   Number         0  f40x_uart1.o ABSOLUTE
    ..\\System_Config\\System_Config.c       0x00000000   Number         0  system_config.o ABSOLUTE
    ..\\System_Config\\stm32f4xx_it.c        0x00000000   Number         0  stm32f4xx_it.o ABSOLUTE
    ..\\System_Config\\system_stm32f4xx.c    0x00000000   Number         0  system_stm32f4xx.o ABSOLUTE
    ..\\User\\delay.c                        0x00000000   Number         0  delay.o ABSOLUTE
    cdrcmple.s                               0x00000000   Number         0  cdrcmple.o ABSOLUTE
    dc.s                                     0x00000000   Number         0  dc.o ABSOLUTE
    handlers.s                               0x00000000   Number         0  handlers.o ABSOLUTE
    init.s                                   0x00000000   Number         0  init.o ABSOLUTE
    RESET                                    0x08000000   Section      392  startup_stm32f40_41xxx.o(RESET)
    .ARM.Collect$$$$00000000                 0x08000188   Section        0  entry.o(.ARM.Collect$$$$00000000)
    .ARM.Collect$$$$00000001                 0x08000188   Section        4  entry2.o(.ARM.Collect$$$$00000001)
    .ARM.Collect$$$$00000004                 0x0800018c   Section        4  entry5.o(.ARM.Collect$$$$00000004)
    .ARM.Collect$$$$00000008                 0x08000190   Section        0  entry7b.o(.ARM.Collect$$$$00000008)
    .ARM.Collect$$$$0000000A                 0x08000190   Section        0  entry8b.o(.ARM.Collect$$$$0000000A)
    .ARM.Collect$$$$0000000B                 0x08000190   Section        8  entry9a.o(.ARM.Collect$$$$0000000B)
    .ARM.Collect$$$$0000000D                 0x08000198   Section        0  entry10a.o(.ARM.Collect$$$$0000000D)
    .ARM.Collect$$$$0000000F                 0x08000198   Section        0  entry11a.o(.ARM.Collect$$$$0000000F)
    .ARM.Collect$$$$00002712                 0x08000198   Section        4  entry2.o(.ARM.Collect$$$$00002712)
    __lit__00000000                          0x08000198   Data           4  entry2.o(.ARM.Collect$$$$00002712)
    .text                                    0x0800019c   Section       36  startup_stm32f40_41xxx.o(.text)
    $v0                                      0x0800019c   Number         0  startup_stm32f40_41xxx.o(.text)
    .text                                    0x080001c0   Section        0  f2d.o(.text)
    .text                                    0x080001e6   Section        0  uidiv.o(.text)
    .text                                    0x08000212   Section        0  uldiv.o(.text)
    .text                                    0x08000274   Section        0  iusefp.o(.text)
    .text                                    0x08000274   Section        0  dadd.o(.text)
    .text                                    0x080003c2   Section        0  dmul.o(.text)
    .text                                    0x080004a6   Section        0  ddiv.o(.text)
    .text                                    0x08000584   Section        0  dfixul.o(.text)
    .text                                    0x080005b4   Section       48  cdrcmple.o(.text)
    .text                                    0x080005e4   Section       36  init.o(.text)
    .text                                    0x08000608   Section        0  llshl.o(.text)
    .text                                    0x08000626   Section        0  llushr.o(.text)
    .text                                    0x08000646   Section        0  llsshr.o(.text)
    .text                                    0x0800066a   Section        0  depilogue.o(.text)
    i.ANT_I2C_Read_nByte                     0x08000724   Section        0  f40x_i2c.o(i.ANT_I2C_Read_nByte)
    i.ANT_I2C_Wtite_nByte                    0x0800077a   Section        0  f40x_i2c.o(i.ANT_I2C_Wtite_nByte)
    i.BusFault_Handler                       0x080007be   Section        0  stm32f4xx_it.o(i.BusFault_Handler)
    i.DebugMon_Handler                       0x080007c2   Section        0  stm32f4xx_it.o(i.DebugMon_Handler)
    i.F40x_UART1_Initl                       0x080007c4   Section        0  f40x_uart1.o(i.F40x_UART1_Initl)
    i.GPIO_Init                              0x08000874   Section        0  stm32f4xx_gpio.o(i.GPIO_Init)
    i.GPIO_PinAFConfig                       0x08000904   Section        0  stm32f4xx_gpio.o(i.GPIO_PinAFConfig)
    i.HardFault_Handler                      0x0800094a   Section        0  stm32f4xx_it.o(i.HardFault_Handler)
    i.I2C_IO_Initl                           0x08000950   Section        0  f40x_i2c.o(i.I2C_IO_Initl)
    i.I2C_Read_Byte                          0x080009a0   Section        0  f40x_i2c.o(i.I2C_Read_Byte)
    i.I2C_SDA_DIR                            0x080009f0   Section        0  f40x_i2c.o(i.I2C_SDA_DIR)
    i.I2C_Send_N_Ack                         0x08000a2c   Section        0  f40x_i2c.o(i.I2C_Send_N_Ack)
    i.I2C_Start                              0x08000a68   Section        0  f40x_i2c.o(i.I2C_Start)
    i.I2C_Stop                               0x08000aa0   Section        0  f40x_i2c.o(i.I2C_Stop)
    i.I2C_Wait_Ack                           0x08000ad8   Section        0  f40x_i2c.o(i.I2C_Wait_Ack)
    i.I2C_Write_Byte                         0x08000b28   Section        0  f40x_i2c.o(i.I2C_Write_Byte)
    i.MemManage_Handler                      0x08000b7c   Section        0  stm32f4xx_it.o(i.MemManage_Handler)
    i.NMI_Handler                            0x08000b80   Section        0  stm32f4xx_it.o(i.NMI_Handler)
    i.NVIC_Init                              0x08000b84   Section        0  misc.o(i.NVIC_Init)
    i.PendSV_Handler                         0x08000bfc   Section        0  stm32f4xx_it.o(i.PendSV_Handler)
    i.RCC_AHB1PeriphClockCmd                 0x08000c00   Section        0  stm32f4xx_rcc.o(i.RCC_AHB1PeriphClockCmd)
    i.RCC_APB2PeriphClockCmd                 0x08000c20   Section        0  stm32f4xx_rcc.o(i.RCC_APB2PeriphClockCmd)
    i.RCC_GetClocksFreq                      0x08000c40   Section        0  stm32f4xx_rcc.o(i.RCC_GetClocksFreq)
    i.SVC_Handler                            0x08000d28   Section        0  stm32f4xx_it.o(i.SVC_Handler)
    i.SetSysClock                            0x08000d2c   Section        0  system_stm32f4xx.o(i.SetSysClock)
    SetSysClock                              0x08000d2d   Thumb Code   220  system_stm32f4xx.o(i.SetSysClock)
    i.SysTick_Handler                        0x08000e18   Section        0  stm32f4xx_it.o(i.SysTick_Handler)
    i.Sys_Clock_Set                          0x08000e1c   Section        0  system_config.o(i.Sys_Clock_Set)
    i.SystemInit                             0x08000f28   Section        0  system_stm32f4xx.o(i.SystemInit)
    i.TMP119_Read_Register                   0x08000f90   Section        0  tmp119_evm.o(i.TMP119_Read_Register)
    i.TMP119_Read_Temperature                0x08000fc4   Section        0  tmp119_evm.o(i.TMP119_Read_Temperature)
    i.TMP119_SoftReset                       0x08001004   Section        0  tmp119_evm.o(i.TMP119_SoftReset)
    i.TMP119_Write_CFG_Register              0x0800102c   Section        0  tmp119_evm.o(i.TMP119_Write_CFG_Register)
    i.TMP119_Write_Register                  0x0800108c   Section        0  tmp119_evm.o(i.TMP119_Write_Register)
    i.TMP_Initl                              0x080010b0   Section        0  tmp119_evm.o(i.TMP_Initl)
    i.USART1_IRQHandler                      0x080010f0   Section        0  f40x_uart1.o(i.USART1_IRQHandler)
    i.USART_Cmd                              0x08001114   Section        0  stm32f4xx_usart.o(i.USART_Cmd)
    i.USART_GetFlagStatus                    0x0800112c   Section        0  stm32f4xx_usart.o(i.USART_GetFlagStatus)
    i.USART_GetITStatus                      0x08001146   Section        0  stm32f4xx_usart.o(i.USART_GetITStatus)
    i.USART_ITConfig                         0x0800119a   Section        0  stm32f4xx_usart.o(i.USART_ITConfig)
    i.USART_Init                             0x080011e4   Section        0  stm32f4xx_usart.o(i.USART_Init)
    i.USART_ReceiveData                      0x080012b8   Section        0  stm32f4xx_usart.o(i.USART_ReceiveData)
    i.USART_SendData                         0x080012c2   Section        0  stm32f4xx_usart.o(i.USART_SendData)
    i.UsageFault_Handler                     0x080012ca   Section        0  stm32f4xx_it.o(i.UsageFault_Handler)
    i.__0printf                              0x080012d0   Section        0  printfa.o(i.__0printf)
    i.__scatterload_copy                     0x080012f0   Section       14  handlers.o(i.__scatterload_copy)
    i.__scatterload_null                     0x080012fe   Section        2  handlers.o(i.__scatterload_null)
    i.__scatterload_zeroinit                 0x08001300   Section       14  handlers.o(i.__scatterload_zeroinit)
    i._fp_digits                             0x08001310   Section        0  printfa.o(i._fp_digits)
    _fp_digits                               0x08001311   Thumb Code   334  printfa.o(i._fp_digits)
    i._printf_core                           0x08001474   Section        0  printfa.o(i._printf_core)
    _printf_core                             0x08001475   Thumb Code  1744  printfa.o(i._printf_core)
    i._printf_post_padding                   0x08001b50   Section        0  printfa.o(i._printf_post_padding)
    _printf_post_padding                     0x08001b51   Thumb Code    36  printfa.o(i._printf_post_padding)
    i._printf_pre_padding                    0x08001b74   Section        0  printfa.o(i._printf_pre_padding)
    _printf_pre_padding                      0x08001b75   Thumb Code    46  printfa.o(i._printf_pre_padding)
    i.delay_init                             0x08001ba4   Section        0  delay.o(i.delay_init)
    i.delay_ms                               0x08001be4   Section        0  delay.o(i.delay_ms)
    i.delay_us                               0x08001c1c   Section        0  delay.o(i.delay_us)
    i.delay_xms                              0x08001c58   Section        0  delay.o(i.delay_xms)
    i.fputc                                  0x08001c94   Section        0  f40x_uart1.o(i.fputc)
    i.main                                   0x08001cb8   Section        0  _main.o(i.main)
    .data                                    0x20000000   Section        4  delay.o(.data)
    fac_us                                   0x20000000   Data           1  delay.o(.data)
    fac_ms                                   0x20000002   Data           2  delay.o(.data)
    .data                                    0x20000004   Section        4  f40x_uart1.o(.data)
    .data                                    0x20000008   Section       16  stm32f4xx_rcc.o(.data)
    APBAHBPrescTable                         0x20000008   Data          16  stm32f4xx_rcc.o(.data)
    .data                                    0x20000018   Section       28  tmp119_evm.o(.data)
    .data                                    0x20000034   Section        4  stdout.o(.data)
    .bss                                     0x20000038   Section      128  f40x_i2c.o(.bss)
    STACK                                    0x200000b8   Section     1024  startup_stm32f40_41xxx.o(STACK)

    Global Symbols

    Symbol Name                              Value     Ov Type        Size  Object(Section)

    BuildAttributes$$THM_ISAv4$E$P$D$K$B$S$7EM$VFPi3$EXTD16$VFPS$VFMA$PE$A:L22UL41UL21$X:L11$S22US41US21$IEEE1$IW$USESV6$~STKCKD$USESV7$~SHL$OSPACE$ROPI$EBA8$MICROLIB$REQ8$PRES8$EABIv2 0x00000000   Number         0  anon$$obj.o ABSOLUTE
    __ARM_use_no_argv                        0x00000000   Number         0  _main.o ABSOLUTE
    _printf_a                                0x00000000   Number         0  stubs.o ABSOLUTE
    _printf_c                                0x00000000   Number         0  stubs.o ABSOLUTE
    _printf_charcount                        0x00000000   Number         0  stubs.o ABSOLUTE
    _printf_d                                0x00000000   Number         0  stubs.o ABSOLUTE
    _printf_e                                0x00000000   Number         0  stubs.o ABSOLUTE
    _printf_f                                0x00000000   Number         0  stubs.o ABSOLUTE
    _printf_flags                            0x00000000   Number         0  stubs.o ABSOLUTE
    _printf_fp_dec                           0x00000000   Number         0  stubs.o ABSOLUTE
    _printf_fp_hex                           0x00000000   Number         0  stubs.o ABSOLUTE
    _printf_g                                0x00000000   Number         0  stubs.o ABSOLUTE
    _printf_i                                0x00000000   Number         0  stubs.o ABSOLUTE
    _printf_int_dec                          0x00000000   Number         0  stubs.o ABSOLUTE
    _printf_l                                0x00000000   Number         0  stubs.o ABSOLUTE
    _printf_lc                               0x00000000   Number         0  stubs.o ABSOLUTE
    _printf_ll                               0x00000000   Number         0  stubs.o ABSOLUTE
    _printf_lld                              0x00000000   Number         0  stubs.o ABSOLUTE
    _printf_lli                              0x00000000   Number         0  stubs.o ABSOLUTE
    _printf_llo                              0x00000000   Number         0  stubs.o ABSOLUTE
    _printf_llu                              0x00000000   Number         0  stubs.o ABSOLUTE
    _printf_llx                              0x00000000   Number         0  stubs.o ABSOLUTE
    _printf_longlong_dec                     0x00000000   Number         0  stubs.o ABSOLUTE
    _printf_longlong_hex                     0x00000000   Number         0  stubs.o ABSOLUTE
    _printf_longlong_oct                     0x00000000   Number         0  stubs.o ABSOLUTE
    _printf_ls                               0x00000000   Number         0  stubs.o ABSOLUTE
    _printf_mbtowc                           0x00000000   Number         0  stubs.o ABSOLUTE
    _printf_n                                0x00000000   Number         0  stubs.o ABSOLUTE
    _printf_o                                0x00000000   Number         0  stubs.o ABSOLUTE
    _printf_p                                0x00000000   Number         0  stubs.o ABSOLUTE
    _printf_percent                          0x00000000   Number         0  stubs.o ABSOLUTE
    _printf_pre_padding                      0x00000000   Number         0  stubs.o ABSOLUTE
    _printf_return_value                     0x00000000   Number         0  stubs.o ABSOLUTE
    _printf_s                                0x00000000   Number         0  stubs.o ABSOLUTE
    _printf_sizespec                         0x00000000   Number         0  stubs.o ABSOLUTE
    _printf_str                              0x00000000   Number         0  stubs.o ABSOLUTE
    _printf_truncate_signed                  0x00000000   Number         0  stubs.o ABSOLUTE
    _printf_truncate_unsigned                0x00000000   Number         0  stubs.o ABSOLUTE
    _printf_u                                0x00000000   Number         0  stubs.o ABSOLUTE
    _printf_wc                               0x00000000   Number         0  stubs.o ABSOLUTE
    _printf_wctomb                           0x00000000   Number         0  stubs.o ABSOLUTE
    _printf_widthprec                        0x00000000   Number         0  stubs.o ABSOLUTE
    _printf_x                                0x00000000   Number         0  stubs.o ABSOLUTE
    __cpp_initialize__aeabi_                  - Undefined Weak Reference
    __cxa_finalize                            - Undefined Weak Reference
    __decompress                              - Undefined Weak Reference
    _clock_init                               - Undefined Weak Reference
    _microlib_exit                            - Undefined Weak Reference
    __Vectors_Size                           0x00000188   Number         0  startup_stm32f40_41xxx.o ABSOLUTE
    __Vectors                                0x08000000   Data           4  startup_stm32f40_41xxx.o(RESET)
    __Vectors_End                            0x08000188   Data           0  startup_stm32f40_41xxx.o(RESET)
    __main                                   0x08000189   Thumb Code     0  entry.o(.ARM.Collect$$$$00000000)
    _main_stk                                0x08000189   Thumb Code     0  entry2.o(.ARM.Collect$$$$00000001)
    _main_scatterload                        0x0800018d   Thumb Code     0  entry5.o(.ARM.Collect$$$$00000004)
    __main_after_scatterload                 0x08000191   Thumb Code     0  entry5.o(.ARM.Collect$$$$00000004)
    _main_clock                              0x08000191   Thumb Code     0  entry7b.o(.ARM.Collect$$$$00000008)
    _main_cpp_init                           0x08000191   Thumb Code     0  entry8b.o(.ARM.Collect$$$$0000000A)
    _main_init                               0x08000191   Thumb Code     0  entry9a.o(.ARM.Collect$$$$0000000B)
    __rt_final_cpp                           0x08000199   Thumb Code     0  entry10a.o(.ARM.Collect$$$$0000000D)
    __rt_final_exit                          0x08000199   Thumb Code     0  entry11a.o(.ARM.Collect$$$$0000000F)
    Reset_Handler                            0x0800019d   Thumb Code     8  startup_stm32f40_41xxx.o(.text)
    ADC_IRQHandler                           0x080001b7   Thumb Code     0  startup_stm32f40_41xxx.o(.text)
    CAN1_RX0_IRQHandler                      0x080001b7   Thumb Code     0  startup_stm32f40_41xxx.o(.text)
    CAN1_RX1_IRQHandler                      0x080001b7   Thumb Code     0  startup_stm32f40_41xxx.o(.text)
    CAN1_SCE_IRQHandler                      0x080001b7   Thumb Code     0  startup_stm32f40_41xxx.o(.text)
    CAN1_TX_IRQHandler                       0x080001b7   Thumb Code     0  startup_stm32f40_41xxx.o(.text)
    CAN2_RX0_IRQHandler                      0x080001b7   Thumb Code     0  startup_stm32f40_41xxx.o(.text)
    CAN2_RX1_IRQHandler                      0x080001b7   Thumb Code     0  startup_stm32f40_41xxx.o(.text)
    CAN2_SCE_IRQHandler                      0x080001b7   Thumb Code     0  startup_stm32f40_41xxx.o(.text)
    CAN2_TX_IRQHandler                       0x080001b7   Thumb Code     0  startup_stm32f40_41xxx.o(.text)
    CRYP_IRQHandler                          0x080001b7   Thumb Code     0  startup_stm32f40_41xxx.o(.text)
    DCMI_IRQHandler                          0x080001b7   Thumb Code     0  startup_stm32f40_41xxx.o(.text)
    DMA1_Stream0_IRQHandler                  0x080001b7   Thumb Code     0  startup_stm32f40_41xxx.o(.text)
    DMA1_Stream1_IRQHandler                  0x080001b7   Thumb Code     0  startup_stm32f40_41xxx.o(.text)
    DMA1_Stream2_IRQHandler                  0x080001b7   Thumb Code     0  startup_stm32f40_41xxx.o(.text)
    DMA1_Stream3_IRQHandler                  0x080001b7   Thumb Code     0  startup_stm32f40_41xxx.o(.text)
    DMA1_Stream4_IRQHandler                  0x080001b7   Thumb Code     0  startup_stm32f40_41xxx.o(.text)
    DMA1_Stream5_IRQHandler                  0x080001b7   Thumb Code     0  startup_stm32f40_41xxx.o(.text)
    DMA1_Stream6_IRQHandler                  0x080001b7   Thumb Code     0  startup_stm32f40_41xxx.o(.text)
    DMA1_Stream7_IRQHandler                  0x080001b7   Thumb Code     0  startup_stm32f40_41xxx.o(.text)
    DMA2_Stream0_IRQHandler                  0x080001b7   Thumb Code     0  startup_stm32f40_41xxx.o(.text)
    DMA2_Stream1_IRQHandler                  0x080001b7   Thumb Code     0  startup_stm32f40_41xxx.o(.text)
    DMA2_Stream2_IRQHandler                  0x080001b7   Thumb Code     0  startup_stm32f40_41xxx.o(.text)
    DMA2_Stream3_IRQHandler                  0x080001b7   Thumb Code     0  startup_stm32f40_41xxx.o(.text)
    DMA2_Stream4_IRQHandler                  0x080001b7   Thumb Code     0  startup_stm32f40_41xxx.o(.text)
    DMA2_Stream5_IRQHandler                  0x080001b7   Thumb Code     0  startup_stm32f40_41xxx.o(.text)
    DMA2_Stream6_IRQHandler                  0x080001b7   Thumb Code     0  startup_stm32f40_41xxx.o(.text)
    DMA2_Stream7_IRQHandler                  0x080001b7   Thumb Code     0  startup_stm32f40_41xxx.o(.text)
    ETH_IRQHandler                           0x080001b7   Thumb Code     0  startup_stm32f40_41xxx.o(.text)
    ETH_WKUP_IRQHandler                      0x080001b7   Thumb Code     0  startup_stm32f40_41xxx.o(.text)
    EXTI0_IRQHandler                         0x080001b7   Thumb Code     0  startup_stm32f40_41xxx.o(.text)
    EXTI15_10_IRQHandler                     0x080001b7   Thumb Code     0  startup_stm32f40_41xxx.o(.text)
    EXTI1_IRQHandler                         0x080001b7   Thumb Code     0  startup_stm32f40_41xxx.o(.text)
    EXTI2_IRQHandler                         0x080001b7   Thumb Code     0  startup_stm32f40_41xxx.o(.text)
    EXTI3_IRQHandler                         0x080001b7   Thumb Code     0  startup_stm32f40_41xxx.o(.text)
    EXTI4_IRQHandler                         0x080001b7   Thumb Code     0  startup_stm32f40_41xxx.o(.text)
    EXTI9_5_IRQHandler                       0x080001b7   Thumb Code     0  startup_stm32f40_41xxx.o(.text)
    FLASH_IRQHandler                         0x080001b7   Thumb Code     0  startup_stm32f40_41xxx.o(.text)
    FPU_IRQHandler                           0x080001b7   Thumb Code     0  startup_stm32f40_41xxx.o(.text)
    FSMC_IRQHandler                          0x080001b7   Thumb Code     0  startup_stm32f40_41xxx.o(.text)
    HASH_RNG_IRQHandler                      0x080001b7   Thumb Code     0  startup_stm32f40_41xxx.o(.text)
    I2C1_ER_IRQHandler                       0x080001b7   Thumb Code     0  startup_stm32f40_41xxx.o(.text)
    I2C1_EV_IRQHandler                       0x080001b7   Thumb Code     0  startup_stm32f40_41xxx.o(.text)
    I2C2_ER_IRQHandler                       0x080001b7   Thumb Code     0  startup_stm32f40_41xxx.o(.text)
    I2C2_EV_IRQHandler                       0x080001b7   Thumb Code     0  startup_stm32f40_41xxx.o(.text)
    I2C3_ER_IRQHandler                       0x080001b7   Thumb Code     0  startup_stm32f40_41xxx.o(.text)
    I2C3_EV_IRQHandler                       0x080001b7   Thumb Code     0  startup_stm32f40_41xxx.o(.text)
    OTG_FS_IRQHandler                        0x080001b7   Thumb Code     0  startup_stm32f40_41xxx.o(.text)
    OTG_FS_WKUP_IRQHandler                   0x080001b7   Thumb Code     0  startup_stm32f40_41xxx.o(.text)
    OTG_HS_EP1_IN_IRQHandler                 0x080001b7   Thumb Code     0  startup_stm32f40_41xxx.o(.text)
    OTG_HS_EP1_OUT_IRQHandler                0x080001b7   Thumb Code     0  startup_stm32f40_41xxx.o(.text)
    OTG_HS_IRQHandler                        0x080001b7   Thumb Code     0  startup_stm32f40_41xxx.o(.text)
    OTG_HS_WKUP_IRQHandler                   0x080001b7   Thumb Code     0  startup_stm32f40_41xxx.o(.text)
    PVD_IRQHandler                           0x080001b7   Thumb Code     0  startup_stm32f40_41xxx.o(.text)
    RCC_IRQHandler                           0x080001b7   Thumb Code     0  startup_stm32f40_41xxx.o(.text)
    RTC_Alarm_IRQHandler                     0x080001b7   Thumb Code     0  startup_stm32f40_41xxx.o(.text)
    RTC_WKUP_IRQHandler                      0x080001b7   Thumb Code     0  startup_stm32f40_41xxx.o(.text)
    SDIO_IRQHandler                          0x080001b7   Thumb Code     0  startup_stm32f40_41xxx.o(.text)
    SPI1_IRQHandler                          0x080001b7   Thumb Code     0  startup_stm32f40_41xxx.o(.text)
    SPI2_IRQHandler                          0x080001b7   Thumb Code     0  startup_stm32f40_41xxx.o(.text)
    SPI3_IRQHandler                          0x080001b7   Thumb Code     0  startup_stm32f40_41xxx.o(.text)
    TAMP_STAMP_IRQHandler                    0x080001b7   Thumb Code     0  startup_stm32f40_41xxx.o(.text)
    TIM1_BRK_TIM9_IRQHandler                 0x080001b7   Thumb Code     0  startup_stm32f40_41xxx.o(.text)
    TIM1_CC_IRQHandler                       0x080001b7   Thumb Code     0  startup_stm32f40_41xxx.o(.text)
    TIM1_TRG_COM_TIM11_IRQHandler            0x080001b7   Thumb Code     0  startup_stm32f40_41xxx.o(.text)
    TIM1_UP_TIM10_IRQHandler                 0x080001b7   Thumb Code     0  startup_stm32f40_41xxx.o(.text)
    TIM2_IRQHandler                          0x080001b7   Thumb Code     0  startup_stm32f40_41xxx.o(.text)
    TIM3_IRQHandler                          0x080001b7   Thumb Code     0  startup_stm32f40_41xxx.o(.text)
    TIM4_IRQHandler                          0x080001b7   Thumb Code     0  startup_stm32f40_41xxx.o(.text)
    TIM5_IRQHandler                          0x080001b7   Thumb Code     0  startup_stm32f40_41xxx.o(.text)
    TIM6_DAC_IRQHandler                      0x080001b7   Thumb Code     0  startup_stm32f40_41xxx.o(.text)
    TIM7_IRQHandler                          0x080001b7   Thumb Code     0  startup_stm32f40_41xxx.o(.text)
    TIM8_BRK_TIM12_IRQHandler                0x080001b7   Thumb Code     0  startup_stm32f40_41xxx.o(.text)
    TIM8_CC_IRQHandler                       0x080001b7   Thumb Code     0  startup_stm32f40_41xxx.o(.text)
    TIM8_TRG_COM_TIM14_IRQHandler            0x080001b7   Thumb Code     0  startup_stm32f40_41xxx.o(.text)
    TIM8_UP_TIM13_IRQHandler                 0x080001b7   Thumb Code     0  startup_stm32f40_41xxx.o(.text)
    UART4_IRQHandler                         0x080001b7   Thumb Code     0  startup_stm32f40_41xxx.o(.text)
    UART5_IRQHandler                         0x080001b7   Thumb Code     0  startup_stm32f40_41xxx.o(.text)
    USART2_IRQHandler                        0x080001b7   Thumb Code     0  startup_stm32f40_41xxx.o(.text)
    USART3_IRQHandler                        0x080001b7   Thumb Code     0  startup_stm32f40_41xxx.o(.text)
    USART6_IRQHandler                        0x080001b7   Thumb Code     0  startup_stm32f40_41xxx.o(.text)
    WWDG_IRQHandler                          0x080001b7   Thumb Code     0  startup_stm32f40_41xxx.o(.text)
    __aeabi_f2d                              0x080001c1   Thumb Code    38  f2d.o(.text)
    __aeabi_uidiv                            0x080001e7   Thumb Code     0  uidiv.o(.text)
    __aeabi_uidivmod                         0x080001e7   Thumb Code    44  uidiv.o(.text)
    __aeabi_uldivmod                         0x08000213   Thumb Code    98  uldiv.o(.text)
    __I$use$fp                               0x08000275   Thumb Code     0  iusefp.o(.text)
    __aeabi_dadd                             0x08000275   Thumb Code   322  dadd.o(.text)
    __aeabi_dsub                             0x080003b7   Thumb Code     6  dadd.o(.text)
    __aeabi_drsub                            0x080003bd   Thumb Code     6  dadd.o(.text)
    __aeabi_dmul                             0x080003c3   Thumb Code   228  dmul.o(.text)
    __aeabi_ddiv                             0x080004a7   Thumb Code   222  ddiv.o(.text)
    __aeabi_d2ulz                            0x08000585   Thumb Code    48  dfixul.o(.text)
    __aeabi_cdrcmple                         0x080005b5   Thumb Code    48  cdrcmple.o(.text)
    __scatterload                            0x080005e5   Thumb Code    28  init.o(.text)
    __scatterload_rt2                        0x080005e5   Thumb Code     0  init.o(.text)
    __aeabi_llsl                             0x08000609   Thumb Code    30  llshl.o(.text)
    _ll_shift_l                              0x08000609   Thumb Code     0  llshl.o(.text)
    __aeabi_llsr                             0x08000627   Thumb Code    32  llushr.o(.text)
    _ll_ushift_r                             0x08000627   Thumb Code     0  llushr.o(.text)
    __aeabi_lasr                             0x08000647   Thumb Code    36  llsshr.o(.text)
    _ll_sshift_r                             0x08000647   Thumb Code     0  llsshr.o(.text)
    _double_round                            0x0800066b   Thumb Code    30  depilogue.o(.text)
    _double_epilogue                         0x08000689   Thumb Code   156  depilogue.o(.text)
    ANT_I2C_Read_nByte                       0x08000725   Thumb Code    86  f40x_i2c.o(i.ANT_I2C_Read_nByte)
    ANT_I2C_Wtite_nByte                      0x0800077b   Thumb Code    68  f40x_i2c.o(i.ANT_I2C_Wtite_nByte)
    BusFault_Handler                         0x080007bf   Thumb Code     4  stm32f4xx_it.o(i.BusFault_Handler)
    DebugMon_Handler                         0x080007c3   Thumb Code     2  stm32f4xx_it.o(i.DebugMon_Handler)
    F40x_UART1_Initl                         0x080007c5   Thumb Code   166  f40x_uart1.o(i.F40x_UART1_Initl)
    GPIO_Init                                0x08000875   Thumb Code   144  stm32f4xx_gpio.o(i.GPIO_Init)
    GPIO_PinAFConfig                         0x08000905   Thumb Code    70  stm32f4xx_gpio.o(i.GPIO_PinAFConfig)
    HardFault_Handler                        0x0800094b   Thumb Code     4  stm32f4xx_it.o(i.HardFault_Handler)
    I2C_IO_Initl                             0x08000951   Thumb Code    66  f40x_i2c.o(i.I2C_IO_Initl)
    I2C_Read_Byte                            0x080009a1   Thumb Code    70  f40x_i2c.o(i.I2C_Read_Byte)
    I2C_SDA_DIR                              0x080009f1   Thumb Code    56  f40x_i2c.o(i.I2C_SDA_DIR)
    I2C_Send_N_Ack                           0x08000a2d   Thumb Code    50  f40x_i2c.o(i.I2C_Send_N_Ack)
    I2C_Start                                0x08000a69   Thumb Code    48  f40x_i2c.o(i.I2C_Start)
    I2C_Stop                                 0x08000aa1   Thumb Code    46  f40x_i2c.o(i.I2C_Stop)
    I2C_Wait_Ack                             0x08000ad9   Thumb Code    70  f40x_i2c.o(i.I2C_Wait_Ack)
    I2C_Write_Byte                           0x08000b29   Thumb Code    76  f40x_i2c.o(i.I2C_Write_Byte)
    MemManage_Handler                        0x08000b7d   Thumb Code     4  stm32f4xx_it.o(i.MemManage_Handler)
    NMI_Handler                              0x08000b81   Thumb Code     2  stm32f4xx_it.o(i.NMI_Handler)
    NVIC_Init                                0x08000b85   Thumb Code   106  misc.o(i.NVIC_Init)
    PendSV_Handler                           0x08000bfd   Thumb Code     2  stm32f4xx_it.o(i.PendSV_Handler)
    RCC_AHB1PeriphClockCmd                   0x08000c01   Thumb Code    26  stm32f4xx_rcc.o(i.RCC_AHB1PeriphClockCmd)
    RCC_APB2PeriphClockCmd                   0x08000c21   Thumb Code    26  stm32f4xx_rcc.o(i.RCC_APB2PeriphClockCmd)
    RCC_GetClocksFreq                        0x08000c41   Thumb Code   214  stm32f4xx_rcc.o(i.RCC_GetClocksFreq)
    SVC_Handler                              0x08000d29   Thumb Code     2  stm32f4xx_it.o(i.SVC_Handler)
    SysTick_Handler                          0x08000e19   Thumb Code     2  stm32f4xx_it.o(i.SysTick_Handler)
    Sys_Clock_Set                            0x08000e1d   Thumb Code   254  system_config.o(i.Sys_Clock_Set)
    SystemInit                               0x08000f29   Thumb Code    88  system_stm32f4xx.o(i.SystemInit)
    TMP119_Read_Register                     0x08000f91   Thumb Code    48  tmp119_evm.o(i.TMP119_Read_Register)
    TMP119_Read_Temperature                  0x08000fc5   Thumb Code    54  tmp119_evm.o(i.TMP119_Read_Temperature)
    TMP119_SoftReset                         0x08001005   Thumb Code    36  tmp119_evm.o(i.TMP119_SoftReset)
    TMP119_Write_CFG_Register                0x0800102d   Thumb Code    92  tmp119_evm.o(i.TMP119_Write_CFG_Register)
    TMP119_Write_Register                    0x0800108d   Thumb Code    30  tmp119_evm.o(i.TMP119_Write_Register)
    TMP_Initl                                0x080010b1   Thumb Code    60  tmp119_evm.o(i.TMP_Initl)
    USART1_IRQHandler                        0x080010f1   Thumb Code    30  f40x_uart1.o(i.USART1_IRQHandler)
    USART_Cmd                                0x08001115   Thumb Code    24  stm32f4xx_usart.o(i.USART_Cmd)
    USART_GetFlagStatus                      0x0800112d   Thumb Code    26  stm32f4xx_usart.o(i.USART_GetFlagStatus)
    USART_GetITStatus                        0x08001147   Thumb Code    84  stm32f4xx_usart.o(i.USART_GetITStatus)
    USART_ITConfig                           0x0800119b   Thumb Code    74  stm32f4xx_usart.o(i.USART_ITConfig)
    USART_Init                               0x080011e5   Thumb Code   204  stm32f4xx_usart.o(i.USART_Init)
    USART_ReceiveData                        0x080012b9   Thumb Code    10  stm32f4xx_usart.o(i.USART_ReceiveData)
    USART_SendData                           0x080012c3   Thumb Code     8  stm32f4xx_usart.o(i.USART_SendData)
    UsageFault_Handler                       0x080012cb   Thumb Code     4  stm32f4xx_it.o(i.UsageFault_Handler)
    __0printf                                0x080012d1   Thumb Code    22  printfa.o(i.__0printf)
    __1printf                                0x080012d1   Thumb Code     0  printfa.o(i.__0printf)
    __2printf                                0x080012d1   Thumb Code     0  printfa.o(i.__0printf)
    __c89printf                              0x080012d1   Thumb Code     0  printfa.o(i.__0printf)
    printf                                   0x080012d1   Thumb Code     0  printfa.o(i.__0printf)
    __scatterload_copy                       0x080012f1   Thumb Code    14  handlers.o(i.__scatterload_copy)
    __scatterload_null                       0x080012ff   Thumb Code     2  handlers.o(i.__scatterload_null)
    __scatterload_zeroinit                   0x08001301   Thumb Code    14  handlers.o(i.__scatterload_zeroinit)
    delay_init                               0x08001ba5   Thumb Code    56  delay.o(i.delay_init)
    delay_ms                                 0x08001be5   Thumb Code    56  delay.o(i.delay_ms)
    delay_us                                 0x08001c1d   Thumb Code    56  delay.o(i.delay_us)
    delay_xms                                0x08001c59   Thumb Code    56  delay.o(i.delay_xms)
    fputc                                    0x08001c95   Thumb Code    32  f40x_uart1.o(i.fputc)
    main                                     0x08001cb9   Thumb Code    78  _main.o(i.main)
    Region$$Table$$Base                      0x08001d24   Number         0  anon$$obj.o(Region$$Table)
    Region$$Table$$Limit                     0x08001d44   Number         0  anon$$obj.o(Region$$Table)
    UART1_BAUD                               0x20000004   Data           4  f40x_uart1.o(.data)
    RESULT_REG                               0x20000018   Data           2  tmp119_evm.o(.data)
    CFG_REG                                  0x2000001c   Data           4  tmp119_evm.o(.data)
    H_LIMIT_REG                              0x20000020   Data           2  tmp119_evm.o(.data)
    L_LIMIT_REG                              0x20000022   Data           2  tmp119_evm.o(.data)
    EEPROM_UL_REG                            0x20000024   Data           4  tmp119_evm.o(.data)
    EEPROM1_REG                              0x20000028   Data           2  tmp119_evm.o(.data)
    EEPROM2_REG                              0x2000002a   Data           2  tmp119_evm.o(.data)
    T_OFFSET_REG                             0x2000002c   Data           2  tmp119_evm.o(.data)
    EEPROM3_REG                              0x2000002e   Data           2  tmp119_evm.o(.data)
    DEVICE_ID_REG                            0x20000030   Data           4  tmp119_evm.o(.data)
    __stdout                                 0x20000034   Data           4  stdout.o(.data)
    I2C_Buffer                               0x20000038   Data         128  f40x_i2c.o(.bss)
    __initial_sp                             0x200004b8   Data           0  startup_stm32f40_41xxx.o(STACK)



==============================================================================

Memory Map of the image

  Image Entry point : 0x08000189

  Load Region LR_IROM1 (Base: 0x08000000, Size: 0x00001d7c, Max: 0x00080000, ABSOLUTE)

    Execution Region ER_IROM1 (Base: 0x08000000, Size: 0x00001d44, Max: 0x00080000, ABSOLUTE)

    Base Addr    Size         Type   Attr      Idx    E Section Name        Object

    0x08000000   0x00000188   Data   RO            3    RESET               startup_stm32f40_41xxx.o
    0x08000188   0x00000000   Code   RO         1343  * .ARM.Collect$$$$00000000  mc_w.l(entry.o)
    0x08000188   0x00000004   Code   RO         1609    .ARM.Collect$$$$00000001  mc_w.l(entry2.o)
    0x0800018c   0x00000004   Code   RO         1612    .ARM.Collect$$$$00000004  mc_w.l(entry5.o)
    0x08000190   0x00000000   Code   RO         1614    .ARM.Collect$$$$00000008  mc_w.l(entry7b.o)
    0x08000190   0x00000000   Code   RO         1616    .ARM.Collect$$$$0000000A  mc_w.l(entry8b.o)
    0x08000190   0x00000008   Code   RO         1617    .ARM.Collect$$$$0000000B  mc_w.l(entry9a.o)
    0x08000198   0x00000000   Code   RO         1619    .ARM.Collect$$$$0000000D  mc_w.l(entry10a.o)
    0x08000198   0x00000000   Code   RO         1621    .ARM.Collect$$$$0000000F  mc_w.l(entry11a.o)
    0x08000198   0x00000004   Code   RO         1610    .ARM.Collect$$$$00002712  mc_w.l(entry2.o)
    0x0800019c   0x00000024   Code   RO            4    .text               startup_stm32f40_41xxx.o
    0x080001c0   0x00000026   Code   RO         1607    .text               mf_w.l(f2d.o)
    0x080001e6   0x0000002c   Code   RO         1624    .text               mc_w.l(uidiv.o)
    0x08000212   0x00000062   Code   RO         1626    .text               mc_w.l(uldiv.o)
    0x08000274   0x00000000   Code   RO         1628    .text               mc_w.l(iusefp.o)
    0x08000274   0x0000014e   Code   RO         1629    .text               mf_w.l(dadd.o)
    0x080003c2   0x000000e4   Code   RO         1631    .text               mf_w.l(dmul.o)
    0x080004a6   0x000000de   Code   RO         1633    .text               mf_w.l(ddiv.o)
    0x08000584   0x00000030   Code   RO         1635    .text               mf_w.l(dfixul.o)
    0x080005b4   0x00000030   Code   RO         1637    .text               mf_w.l(cdrcmple.o)
    0x080005e4   0x00000024   Code   RO         1639    .text               mc_w.l(init.o)
    0x08000608   0x0000001e   Code   RO         1641    .text               mc_w.l(llshl.o)
    0x08000626   0x00000020   Code   RO         1643    .text               mc_w.l(llushr.o)
    0x08000646   0x00000024   Code   RO         1645    .text               mc_w.l(llsshr.o)
    0x0800066a   0x000000ba   Code   RO         1647    .text               mf_w.l(depilogue.o)
    0x08000724   0x00000056   Code   RO          370    i.ANT_I2C_Read_nByte  f40x_i2c.o
    0x0800077a   0x00000044   Code   RO          371    i.ANT_I2C_Wtite_nByte  f40x_i2c.o
    0x080007be   0x00000004   Code   RO          163    i.BusFault_Handler  stm32f4xx_it.o
    0x080007c2   0x00000002   Code   RO          164    i.DebugMon_Handler  stm32f4xx_it.o
    0x080007c4   0x000000b0   Code   RO          450    i.F40x_UART1_Initl  f40x_uart1.o
    0x08000874   0x00000090   Code   RO          974    i.GPIO_Init         stm32f4xx_gpio.o
    0x08000904   0x00000046   Code   RO          975    i.GPIO_PinAFConfig  stm32f4xx_gpio.o
    0x0800094a   0x00000004   Code   RO          165    i.HardFault_Handler  stm32f4xx_it.o
    0x0800094e   0x00000002   PAD
    0x08000950   0x00000050   Code   RO          372    i.I2C_IO_Initl      f40x_i2c.o
    0x080009a0   0x00000050   Code   RO          373    i.I2C_Read_Byte     f40x_i2c.o
    0x080009f0   0x0000003c   Code   RO          374    i.I2C_SDA_DIR       f40x_i2c.o
    0x08000a2c   0x0000003c   Code   RO          375    i.I2C_Send_N_Ack    f40x_i2c.o
    0x08000a68   0x00000038   Code   RO          376    i.I2C_Start         f40x_i2c.o
    0x08000aa0   0x00000038   Code   RO          377    i.I2C_Stop          f40x_i2c.o
    0x08000ad8   0x00000050   Code   RO          378    i.I2C_Wait_Ack      f40x_i2c.o
    0x08000b28   0x00000054   Code   RO          379    i.I2C_Write_Byte    f40x_i2c.o
    0x08000b7c   0x00000004   Code   RO          166    i.MemManage_Handler  stm32f4xx_it.o
    0x08000b80   0x00000002   Code   RO          167    i.NMI_Handler       stm32f4xx_it.o
    0x08000b82   0x00000002   PAD
    0x08000b84   0x00000078   Code   RO          539    i.NVIC_Init         misc.o
    0x08000bfc   0x00000002   Code   RO          168    i.PendSV_Handler    stm32f4xx_it.o
    0x08000bfe   0x00000002   PAD
    0x08000c00   0x00000020   Code   RO          639    i.RCC_AHB1PeriphClockCmd  stm32f4xx_rcc.o
    0x08000c20   0x00000020   Code   RO          651    i.RCC_APB2PeriphClockCmd  stm32f4xx_rcc.o
    0x08000c40   0x000000e8   Code   RO          660    i.RCC_GetClocksFreq  stm32f4xx_rcc.o
    0x08000d28   0x00000002   Code   RO          169    i.SVC_Handler       stm32f4xx_it.o
    0x08000d2a   0x00000002   PAD
    0x08000d2c   0x000000ec   Code   RO          333    i.SetSysClock       system_stm32f4xx.o
    0x08000e18   0x00000002   Code   RO          170    i.SysTick_Handler   stm32f4xx_it.o
    0x08000e1a   0x00000002   PAD
    0x08000e1c   0x0000010c   Code   RO          244    i.Sys_Clock_Set     system_config.o
    0x08000f28   0x00000068   Code   RO          335    i.SystemInit        system_stm32f4xx.o
    0x08000f90   0x00000034   Code   RO         1261    i.TMP119_Read_Register  tmp119_evm.o
    0x08000fc4   0x00000040   Code   RO         1262    i.TMP119_Read_Temperature  tmp119_evm.o
    0x08001004   0x00000028   Code   RO         1263    i.TMP119_SoftReset  tmp119_evm.o
    0x0800102c   0x00000060   Code   RO         1264    i.TMP119_Write_CFG_Register  tmp119_evm.o
    0x0800108c   0x00000024   Code   RO         1266    i.TMP119_Write_Register  tmp119_evm.o
    0x080010b0   0x00000040   Code   RO         1269    i.TMP_Initl         tmp119_evm.o
    0x080010f0   0x00000024   Code   RO          453    i.USART1_IRQHandler  f40x_uart1.o
    0x08001114   0x00000018   Code   RO         1075    i.USART_Cmd         stm32f4xx_usart.o
    0x0800112c   0x0000001a   Code   RO         1078    i.USART_GetFlagStatus  stm32f4xx_usart.o
    0x08001146   0x00000054   Code   RO         1079    i.USART_GetITStatus  stm32f4xx_usart.o
    0x0800119a   0x0000004a   Code   RO         1081    i.USART_ITConfig    stm32f4xx_usart.o
    0x080011e4   0x000000d4   Code   RO         1082    i.USART_Init        stm32f4xx_usart.o
    0x080012b8   0x0000000a   Code   RO         1089    i.USART_ReceiveData  stm32f4xx_usart.o
    0x080012c2   0x00000008   Code   RO         1092    i.USART_SendData    stm32f4xx_usart.o
    0x080012ca   0x00000004   Code   RO          171    i.UsageFault_Handler  stm32f4xx_it.o
    0x080012ce   0x00000002   PAD
    0x080012d0   0x00000020   Code   RO         1579    i.__0printf         mc_w.l(printfa.o)
    0x080012f0   0x0000000e   Code   RO         1651    i.__scatterload_copy  mc_w.l(handlers.o)
    0x080012fe   0x00000002   Code   RO         1652    i.__scatterload_null  mc_w.l(handlers.o)
    0x08001300   0x0000000e   Code   RO         1653    i.__scatterload_zeroinit  mc_w.l(handlers.o)
    0x0800130e   0x00000002   PAD
    0x08001310   0x00000164   Code   RO         1586    i._fp_digits        mc_w.l(printfa.o)
    0x08001474   0x000006dc   Code   RO         1587    i._printf_core      mc_w.l(printfa.o)
    0x08001b50   0x00000024   Code   RO         1588    i._printf_post_padding  mc_w.l(printfa.o)
    0x08001b74   0x0000002e   Code   RO         1589    i._printf_pre_padding  mc_w.l(printfa.o)
    0x08001ba2   0x00000002   PAD
    0x08001ba4   0x00000040   Code   RO           12    i.delay_init        delay.o
    0x08001be4   0x00000038   Code   RO           13    i.delay_ms          delay.o
    0x08001c1c   0x0000003c   Code   RO           14    i.delay_us          delay.o
    0x08001c58   0x0000003c   Code   RO           15    i.delay_xms         delay.o
    0x08001c94   0x00000024   Code   RO          454    i.fputc             f40x_uart1.o
    0x08001cb8   0x0000006c   Code   RO          507    i.main              _main.o
    0x08001d24   0x00000020   Data   RO         1649    Region$$Table       anon$$obj.o


    Execution Region RW_IRAM1 (Base: 0x20000000, Size: 0x000004b8, Max: 0x00020000, ABSOLUTE)

    Base Addr    Size         Type   Attr      Idx    E Section Name        Object

    0x20000000   0x00000004   Data   RW           16    .data               delay.o
    0x20000004   0x00000004   Data   RW          455    .data               f40x_uart1.o
    0x20000008   0x00000010   Data   RW          692    .data               stm32f4xx_rcc.o
    0x20000018   0x0000001c   Data   RW         1270    .data               tmp119_evm.o
    0x20000034   0x00000004   Data   RW         1623    .data               mc_w.l(stdout.o)
    0x20000038   0x00000080   Zero   RW          380    .bss                f40x_i2c.o
    0x200000b8   0x00000400   Zero   RW            1    STACK               startup_stm32f40_41xxx.o


==============================================================================

Image component sizes


      Code (inc. data)   RO Data    RW Data    ZI Data      Debug   Object Name

       108         30          0          0          0        583   _main.o
       240         16          0          4          0     264919   delay.o
       710         74          0          0        128       7893   f40x_i2c.o
       248         20          0          4          0       3936   f40x_uart1.o
       120         14          0          0          0       1128   misc.o
        36          8        392          0       1024        908   startup_stm32f40_41xxx.o
       214          0          0          0          0       1943   stm32f4xx_gpio.o
        26          0          0          0          0       4934   stm32f4xx_it.o
       296         30          0         16          0       4342   stm32f4xx_rcc.o
       438          8          0          0          0       5913   stm32f4xx_usart.o
       268         14          0          0          0        880   system_config.o
       340         32          0          0          0       1781   system_stm32f4xx.o
       352         32          0         28          0       6614   tmp119_evm.o

    ----------------------------------------------------------------------
      3408        278        424         52       1152     305774   Object Totals
         0          0         32          0          0          0   (incl. Generated)
        12          0          0          0          0          0   (incl. Padding)

    ----------------------------------------------------------------------

      Code (inc. data)   RO Data    RW Data    ZI Data      Debug   Library Member Name

         0          0          0          0          0          0   entry.o
         0          0          0          0          0          0   entry10a.o
         0          0          0          0          0          0   entry11a.o
         8          4          0          0          0          0   entry2.o
         4          0          0          0          0          0   entry5.o
         0          0          0          0          0          0   entry7b.o
         0          0          0          0          0          0   entry8b.o
         8          4          0          0          0          0   entry9a.o
        30          0          0          0          0          0   handlers.o
        36          8          0          0          0         68   init.o
         0          0          0          0          0          0   iusefp.o
        30          0          0          0          0         68   llshl.o
        36          0          0          0          0         68   llsshr.o
        32          0          0          0          0         68   llushr.o
      2226         90          0          0          0        444   printfa.o
         0          0          0          4          0          0   stdout.o
        44          0          0          0          0         80   uidiv.o
        98          0          0          0          0         92   uldiv.o
        48          0          0          0          0         68   cdrcmple.o
       334          0          0          0          0        148   dadd.o
       222          0          0          0          0        100   ddiv.o
       186          0          0          0          0        176   depilogue.o
        48          0          0          0          0         68   dfixul.o
       228          0          0          0          0         96   dmul.o
        38          0          0          0          0         68   f2d.o

    ----------------------------------------------------------------------
      3660        106          0          4          0       1612   Library Totals
         4          0          0          0          0          0   (incl. Padding)

    ----------------------------------------------------------------------

      Code (inc. data)   RO Data    RW Data    ZI Data      Debug   Library Name

      2552        106          0          4          0        888   mc_w.l
      1104          0          0          0          0        724   mf_w.l

    ----------------------------------------------------------------------
      3660        106          0          4          0       1612   Library Totals

    ----------------------------------------------------------------------

==============================================================================


      Code (inc. data)   RO Data    RW Data    ZI Data      Debug   

      7068        384        424         56       1152     302410   Grand Totals
      7068        384        424         56       1152     302410   ELF Image Totals
      7068        384        424         56          0          0   ROM Totals

==============================================================================

    Total RO  Size (Code + RO Data)                 7492 (   7.32kB)
    Total RW  Size (RW Data + ZI Data)              1208 (   1.18kB)
    Total ROM Size (Code + RO Data + RW Data)       7548 (   7.37kB)

==============================================================================

