C51 COMPILER V8.08   ANT_I2C                                                               12/15/2025 19:53:30 PAGE 1   


C51 COMPILER V8.08, COMPILATION OF MODULE ANT_I2C
OBJECT MODULE PLACED IN ..\obj\ANT_I2C.obj
COMPILER INVOKED BY: C:\Keil\C51\BIN\C51.EXE ..\hardware\I2C\ANT_I2C.c LARGE BROWSE INCDIR(..\app;..\hardware\I2C;..\har
                    -dware\TMP119;..\hardware\UART1;..\stclib) DEBUG OBJECTEXTEND PRINT(..\list\ANT_I2C.lst) OBJECT(..\obj\ANT_I2C.obj)

line level    source

   1          /**********************************************************************  
   2          * 公司名称 : 东莞市上古时代电子技术有限公司
   3          * 模块名称 ：软件模拟I2C驱动 (100KHz)
   4          * 系统主频 : 22.1184 MHz
   5          * 创建人   : eysmcu
   6          * 修改人   : eysmcu 
   7          * 创建日期 : 2025年5月4日
   8          * 店铺地址 : http://mindesigner.taobao.com
   9          * 淘宝ID号 : eysmcu
  10          * 重要声明 ：本例程为东莞市上古时代电子技术有限公司原创，本程序只供学习
  11          使用，未经作者许可，不得用于其它任何用途，转载清注明出处！！！
  12          
  13          
  14                                                           Copyright(C) 上古时代
  15          ***********************************************************************/
  16          
  17          #include "ANT_I2C.h"
  18          
  19          /*****************************参数定义*********************************/
  20          //1.I2C缓存数组
  21          
  22          uint8_t I2C_Buffer[I2C_Buf_Length] = {0x00};    
  23          
  24          /**********************************************************************
  25          * 名称 : i2c_delay(void)
  26          * 功能 : I2C专用延时
  27          * 输入 : 无
  28          * 输出 ：无
  29          * 说明 : 无
  30          ***********************************************************************/
  31          void i2c_delay(void)            //3us@22.1184MHz
  32          {
  33   1              unsigned char data i;
  34   1      
  35   1              _nop_();
  36   1              _nop_();
  37   1              i = 13;
  38   1              while (--i);
  39   1      }
  40          
  41          /**********************************************************************
  42          * 名称 : ANT_I2C_Initl(void)
  43          * 功能 : I2C端口初始化
  44          * 输入 : 无
  45          * 输出 ：无
  46          * 说明 : 无
  47          ***********************************************************************/
  48          void ANT_I2C_Initl(void)
  49          {
  50   1              I2C_SCL = 1;
  51   1              I2C_SDA = 1;
  52   1      }
  53          /**********************************************************************
  54          * 名称 : I2C_Start(void)
C51 COMPILER V8.08   ANT_I2C                                                               12/15/2025 19:53:30 PAGE 2   

  55          * 功能 : I2C起始信号
  56          * 输入 : 无
  57          * 输出 ：无
  58          * 说明 : 无
  59          ***********************************************************************/
  60          void I2C_Start(void)
  61          {
  62   1              I2C_SDA = 1;              
  63   1              I2C_SCL = 1;            i2c_delay();
  64   1              I2C_SDA = 0;            i2c_delay();    
  65   1              I2C_SCL = 0;
  66   1      }
  67          /**********************************************************************
  68          * 名称 : I2C_Stop(void)
  69          * 功能 : I2C停止信号
  70          * 输入 : 无
  71          * 输出 ：无
  72          * 说明 : 无
  73          ***********************************************************************/
  74          void I2C_Stop(void)
  75          {
  76   1              I2C_SDA = 0;
  77   1              I2C_SCL = 1;            i2c_delay();
  78   1              I2C_SDA = 1;            i2c_delay();                                                                    
  79   1      }    
  80          /**********************************************************************
  81          * 名称 : I2C_Send_N_Ack(I2C_nACK n_Ack)
  82          * 功能 : IIC发送应答/非应答信号函数
  83          * 输入 : n_Ack -- 应答/非应答信号 
  84          * 输出 ：无
  85          * 说明 : 无
  86          ***********************************************************************/
  87          void I2C_Send_N_Ack(I2C_nACK Ack)
  88          {
  89   1              I2C_SDA = Ack;                  
  90   1              I2C_SCL = 1;            i2c_delay();                    
  91   1              I2C_SCL = 0;            i2c_delay();  
  92   1      }
  93          /**********************************************************************
  94          * 名称 : I2C_Wait_Ack(void)
  95          * 功能 : I2C等待应答信号函数
  96          * 输入 : 无
  97          * 输出 ：无
  98          * 说明 : 无
  99          ***********************************************************************/
 100          bit I2C_Wait_Ack(void)
 101          {
 102   1              I2C_SCL = 1;            i2c_delay();                            
 103   1              CY = I2C_SDA;                           
 104   1              I2C_SCL = 0;            i2c_delay();                            
 105   1      
 106   1              return(CY);     
 107   1      }
 108          /**********************************************************************
 109          * 名称 : I2C_Send_Byte(uint8_t value)
 110          * 功能 : I2C发送单字节数据函数
 111          * 输入 : value -- 数据
 112          * 输出 ：无
 113          * 说明 : 无
 114          ***********************************************************************/
 115          void I2C_Send_Byte(uint8_t value)
 116          {
C51 COMPILER V8.08   ANT_I2C                                                               12/15/2025 19:53:30 PAGE 3   

 117   1              uint8_t i;
 118   1      
 119   1              for(i = 0;i < 8;i ++)         
 120   1              {
 121   2                      value <<= 1;              
 122   2                      I2C_SDA = CY;               
 123   2                      I2C_SCL = 1;    i2c_delay();                         
 124   2                      I2C_SCL = 0;    i2c_delay();                
 125   2              }               
 126   1      }
 127          /**********************************************************************
 128          * 名称 : I2C_Read_Byte(void)
 129          * 功能 : I2C单字节读函数
 130          * 输入 : 无
 131          * 输出 ：value -- 数据
 132          * 说明 : 无
 133          ***********************************************************************/
 134          uint8_t I2C_Read_Byte(void)
 135          {
 136   1              uint8_t i = 0,value = 0;
 137   1      
 138   1              I2C_SDA = 1;
 139   1              for(i = 0;i < 8;i ++)
 140   1              {
 141   2                      value <<= 1;
 142   2                      I2C_SCL = 1;    i2c_delay();            
 143   2                      value |= I2C_SDA;
 144   2                      I2C_SCL = 0;    i2c_delay(); 
 145   2              }
 146   1              return value;
 147   1      }
 148          /**********************************************************************
 149          * 名称 : ANT_I2C_Wtite_nByte(uint8_t Device_Addr,uint8_t *buf,uint16_t Length)
 150          * 功能 : I2C向指定设备写n个字节函数
 151          * 输入 : Device_Addr -- 设备地址(从机地址)
 152                           *buf -- 数据
 153                           Length -- 写入长度
 154          * 输出 ：无
 155          * 说明 : 无
 156          ***********************************************************************/
 157          void ANT_I2C_Wtite_nByte(uint8_t Device_Addr,uint8_t *buf,uint16_t Length)
 158          {
 159   1              uint16_t i = 0;
 160   1      
 161   1              I2C_Start();            //起始信号
 162   1              I2C_Send_Byte(Device_Addr | I2C_WRITE);         //发送设备地址+写信号   
 163   1              I2C_Wait_Ack();
 164   1              delay_10us();                   //延迟10us
 165   1              for(i = 0;i < Length;i ++)
 166   1              {
 167   2                      I2C_Send_Byte(*buf ++);                                 //写入数据
 168   2                      I2C_Wait_Ack();  
 169   2                      delay_10us();           //延迟10us
 170   2              }
 171   1              I2C_Stop();             //停止信号
 172   1              delay_15us();                   //延迟15us
 173   1      }
 174          /**********************************************************************
 175          * 名称 : ANT_I2C_Read_nByte(uint8_t Device_Addr,uint8_t *buf,uint16_t Length)
 176          * 功能 : I2C从指定设备读n个字节函数
 177          * 输入 : Device_Addr -- 设备地址(从机地址)
 178                           *buf -- 数据
C51 COMPILER V8.08   ANT_I2C                                                               12/15/2025 19:53:30 PAGE 4   

 179                           Length -- 写入长度
 180          * 输出 ：buf中的数据！！！
 181          * 说明 : 无
 182          ***********************************************************************/
 183          void ANT_I2C_Read_nByte(uint8_t Device_Addr,uint8_t *buf,uint16_t Length)
 184          {
 185   1              uint16_t i = 0;
 186   1      
 187   1              I2C_Start();                    //起始信号
 188   1              I2C_Send_Byte(Device_Addr | I2C_READ);          //发送设备地址+读信号
 189   1              I2C_Wait_Ack();
 190   1              delay_10us();                   //延迟10us
 191   1              for(i = 0;i < Length;i ++)
 192   1              {
 193   2                      *buf ++ = I2C_Read_Byte();                              //接收数据
 194   2                      
 195   2                      if (i == (Length - 1))
 196   2                              I2C_Send_N_Ack(I2C_NAK);                        //非应答信号    
 197   2                      else I2C_Send_N_Ack(I2C_ACK);                   //应答信号
 198   2      
 199   2                      delay_10us();           //延迟10us
 200   2              }
 201   1              I2C_Stop();             //停止信号
 202   1              delay_15us();                   //延迟15us      
 203   1      }
 204          
 205          
 206          
 207          
 208          
 209          
 210          
 211          
 212          
 213          
 214          


MODULE INFORMATION:   STATIC OVERLAYABLE
   CODE SIZE        =    380    ----
   CONSTANT SIZE    =   ----    ----
   XDATA SIZE       =     64      16
   PDATA SIZE       =   ----    ----
   DATA SIZE        =   ----       1
   IDATA SIZE       =   ----    ----
   BIT SIZE         =   ----    ----
END OF MODULE INFORMATION.


C51 COMPILATION COMPLETE.  0 WARNING(S),  0 ERROR(S)
