C51 COMPILER V8.08   DELAY                                                                 12/15/2025 19:53:30 PAGE 1   


C51 COMPILER V8.08, COMPILATION OF MODULE DELAY
OBJECT MODULE PLACED IN ..\obj\delay.obj
COMPILER INVOKED BY: C:\Keil\C51\BIN\C51.EXE ..\stclib\delay.c LARGE BROWSE INCDIR(..\app;..\hardware\I2C;..\hardware\TM
                    -P119;..\hardware\UART1;..\stclib) DEBUG OBJECTEXTEND PRINT(..\list\delay.lst) OBJECT(..\obj\delay.obj)

line level    source

   1          /**********************************************************************  
   2          * 公司名称 : 东莞市上古时代电子技术有限公司
   3          * 模块名称 ：延时函数
   4          * 系统主频 : 22.1184 MHz
   5          * 创建人   : eysmcu
   6          * 修改人   : eysmcu 
   7          * 创建日期 : 2025年5月4日
   8          * 店铺地址 : http://mindesigner.taobao.com
   9          * 淘宝ID号 : eysmcu
  10          
  11                                                           Copyright(C) 上古时代
  12          ***********************************************************************/
  13          
  14          #include "delay.h"
  15          
  16          
  17          /**********************************************************************
  18          * 函 数 : delay_1us(void)
  19          * 功 能 : 1us延时函数
  20          * 输 入 : 无
  21          * 输 出 ：无
  22          * 说 明 : 无
  23          ***********************************************************************/
  24          void delay_1us(void)    //1us@22.1184MHz
  25          {
  26   1              unsigned char data i;
  27   1      
  28   1              _nop_();
  29   1              _nop_();
  30   1              i = 2;
  31   1              while (--i);
  32   1      }
  33          
  34          /**********************************************************************
  35          * 函 数 : delay_2us(void)
  36          * 功 能 : 2us延时函数
  37          * 输 入 : 无
  38          * 输 出 ：无
  39          * 说 明 : 无
  40          ***********************************************************************/
  41          void delay_2us(void)    //2us@22.1184MHz
  42          {
  43   1              unsigned char data i;
  44   1      
  45   1              i = 8;
  46   1              while (--i);
  47   1      }
  48          /**********************************************************************
  49          * 函 数 : delay_3us(void)
  50          * 功 能 : 3us延时函数
  51          * 输 入 : 无
  52          * 输 出 ：无
  53          * 说 明 : 无
  54          ***********************************************************************/
C51 COMPILER V8.08   DELAY                                                                 12/15/2025 19:53:30 PAGE 2   

  55          void delay_3us(void)    //3us@22.1184MHz
  56          {
  57   1              unsigned char data i;
  58   1      
  59   1              _nop_();
  60   1              _nop_();
  61   1              i = 13;
  62   1              while (--i);
  63   1      }
  64          /**********************************************************************
  65          * 函 数 : delay_4us(void)
  66          * 功 能 : 4us延时函数
  67          * 输 入 : 无
  68          * 输 出 ：无
  69          * 说 明 : 无
  70          ***********************************************************************/
  71          void delay_4us(void)    //4us@22.1184MHz
  72          {
  73   1              unsigned char data i;
  74   1      
  75   1              i = 19;
  76   1              while (--i);
  77   1      }
  78          /**********************************************************************
  79          * 函 数 : delay_5us(void)
  80          * 功 能 : 5us延时函数
  81          * 输 入 : 无
  82          * 输 出 ：无
  83          * 说 明 : 无
  84          ***********************************************************************/
  85          void delay_5us(void)    //5us@22.1184MHz
  86          {
  87   1              unsigned char data i;
  88   1      
  89   1              _nop_();
  90   1              _nop_();
  91   1              _nop_();
  92   1              i = 24;
  93   1              while (--i);
  94   1      }
  95          /**********************************************************************
  96          * 函 数 : delay_10us(void)
  97          * 功 能 : 10us延时函数
  98          * 输 入 : 无
  99          * 输 出 ：无
 100          * 说 明 : 无
 101          ***********************************************************************/
 102          void delay_10us(void)   //10@22.1184MHz
 103          {
 104   1              unsigned char data i;
 105   1      
 106   1              _nop_();
 107   1              i = 52;
 108   1              while (--i);
 109   1      }
 110          /**********************************************************************
 111          * 函 数 : delay_15us(void)
 112          * 功 能 : 15us延时函数
 113          * 输 入 : 无
 114          * 输 出 ：无
 115          * 说 明 : 无
 116          ***********************************************************************/
C51 COMPILER V8.08   DELAY                                                                 12/15/2025 19:53:30 PAGE 3   

 117          void delay_15us(void)   //15us@22.1184MHz
 118          {
 119   1              unsigned char data i;
 120   1      
 121   1              i = 80;
 122   1              while (--i);
 123   1      }
 124          
 125          /**********************************************************************
 126          * 函 数 : delay_ms(unsigned int ms)
 127          * 功 能 : ms延时函数
 128          * 输 入 : 无
 129          * 输 出 ：无
 130          * 说 明 : 无
 131          ***********************************************************************/
 132          void delay_ms(unsigned int ms)
 133          {
 134   1          unsigned int i= 0, j = 0;
 135   1          for(i = 0; i < ms; i ++)
 136   1          {
 137   2              for(j = 0; j < 1148; j ++)      // 22.1184MHz下的校准值
 138   2              {
 139   3                  _nop_();                            // 执行空指令（约1个机器周期）
 140   3                  _nop_();
 141   3                  _nop_();
 142   3                  _nop_();
 143   3              }
 144   2          }
 145   1      }
 146          


MODULE INFORMATION:   STATIC OVERLAYABLE
   CODE SIZE        =     93    ----
   CONSTANT SIZE    =   ----    ----
   XDATA SIZE       =   ----    ----
   PDATA SIZE       =   ----    ----
   DATA SIZE        =   ----       7
   IDATA SIZE       =   ----    ----
   BIT SIZE         =   ----    ----
END OF MODULE INFORMATION.


C51 COMPILATION COMPLETE.  0 WARNING(S),  0 ERROR(S)
