<html>
<body>
<pre>
<h1>礦ision Build Log</h1>
<h2>Tool Versions:</h2>
IDE-Version: μVision V5.14.0.0
Copyright (C) 2015 ARM Ltd and ARM Germany GmbH. All rights reserved.
License Information: 123 Windo, P R C, LIC=585FJ-US9P7-NNYAF-6Q0CM-GR979-CXXGE
 
Tool Versions:
Toolchain:       MDK-ARM Standard  Version: 5.14.0.0
Toolchain Path:  C:\Keil_v5\ARM\ARMCC\Bin
C Compiler:      Armcc.exe V5.05 update 1 (build 106)
Assembler:       Armasm.exe V5.05 update 1 (build 106)
Linker/Locator:  ArmLink.exe V5.05 update 1 (build 106)
Library Manager: ArmAr.exe V5.05 update 1 (build 106)
Hex Converter:   FromElf.exe V5.05 update 1 (build 106)
CPU DLL:         SARMCM3.DLL V5.14.0.0
Dialog DLL:      DCM.DLL V1.13.1.0
Target DLL:      STLink\ST-LINKIII-KEIL_SWO.dll V2.0.14.0_KEIL
Dialog DLL:      TCM.DLL V1.14.4.0
 
<h2>Project:</h2>
F:\上古时代\淘宝产品\环境监测模块\温湿度模块\TMP11X\用户资料\TMP119A\源代码\STM32F103VET6\prj\My_System.uvprojx
Project File Date:  12/15/2025

<h2>Output:</h2>
Rebuild target 'TMP119_EVM_V1.0'
compiling core_cm3.c...
compiling stm32f10x_it.c...
compiling system_stm32f10x.c...
assembling startup_stm32f10x_hd.s...
compiling Board_Driver.c...
compiling F10x_Led.c...
compiling F10x_Key.c...
compiling F10x_TIM3.c...
compiling F10x_UART1.c...
compiling TFT_Driver.c...
compiling TFT_IO.c...
compiling ANT_I2C.c...
compiling misc.c...
compiling stm32f10x_gpio.c...
compiling stm32f10x_rcc.c...
compiling stm32f10x_rtc.c...
compiling stm32f10x_bkp.c...
compiling stm32f10x_pwr.c...
compiling stm32f10x_usart.c...
compiling stm32f10x_tim.c...
compiling app.c...
compiling TMP119_EVM.c...
linking...
Program Size: Code=18988 RO-data=21060 RW-data=92 ZI-data=1148  
FromELF: creating hex file...
"..\obj\My_System.axf" - 0 Error(s), 0 Warning(s).

<h2>Collection of Component include folders:</h2>
  F:\上古时代\淘宝产品\环境监测模块\温湿度模块\TMP11X\用户资料\TMP119A\源代码\STM32F103VET6\prj\RTE
  C:\Keil_v5\ARM\PACK\Keil\STM32F1xx_DFP\1.1.0\Device\Include

<h2>Collection of Component Files used:</h2>
</pre>
</body>
</html>
