<html>
<body>
<pre>
<h1>礦ision Build Log</h1>
<h2>Tool Versions:</h2>
IDE-Version: μVision V5.14.0.0
Copyright (C) 2015 ARM Ltd and ARM Germany GmbH. All rights reserved.
License Information: 123 Windo, P R C, LIC=585FJ-US9P7-NNYAF-6Q0CM-GR979-CXXGE
 
Tool Versions:
Toolchain:       MDK-ARM Standard  Version: 5.14.0.0
Toolchain Path:  C:\Keil_v5\ARM\ARMCC\Bin
C Compiler:      Armcc.exe V5.05 update 1 (build 106)
Assembler:       Armasm.exe V5.05 update 1 (build 106)
Linker/Locator:  ArmLink.exe V5.05 update 1 (build 106)
Library Manager: ArmAr.exe V5.05 update 1 (build 106)
Hex Converter:   FromElf.exe V5.05 update 1 (build 106)
CPU DLL:         SARMCM3.DLL V5.14.0.0
Dialog DLL:      DCM.DLL V1.13.1.0
Target DLL:      STLink\ST-LINKIII-KEIL_SWO.dll V2.0.14.0_KEIL
Dialog DLL:      TCM.DLL V1.14.4.0
 
<h2>Project:</h2>
F:\上古时代\淘宝产品\环境监测模块\温湿度模块\TMP11X\用户资料\TMP119A\源代码\STM32F407VET6\prj\My_System.uvprojx
Project File Date:  10/14/2025

<h2>Output:</h2>
Rebuild target 'TMP119_EVM_V10'
assembling startup_stm32f40_41xxx.s...
compiling delay.c...
compiling stm32f4xx_it.c...
compiling System_Config.c...
compiling system_stm32f4xx.c...
compiling F40x_I2C.c...
compiling F40x_UART1.c...
compiling _MAIN.c...
compiling misc.c...
compiling stm32f4xx_syscfg.c...
compiling stm32f4xx_rcc.c...
compiling stm32f4xx_gpio.c...
compiling stm32f4xx_usart.c...
compiling TMP119_EVM.c...
linking...
Program Size: Code=7068 RO-data=424 RW-data=56 ZI-data=1152  
FromELF: creating hex file...
".\Objects\My_System.axf" - 0 Error(s), 0 Warning(s).

<h2>Collection of Component include folders:</h2>
  F:\上古时代\淘宝产品\环境监测模块\温湿度模块\TMP11X\用户资料\TMP119A\源代码\STM32F407VET6\prj\RTE
  C:\Keil_v5\ARM\PACK\Keil\STM32F4xx_DFP\2.12.0

<h2>Collection of Component Files used:</h2>
</pre>
</body>
</html>
